Archive member included to satisfy reference by file (symbol)

app/libapp.a(main.c.obj)      (--whole-archive)
zephyr/libzephyr.a(validate_libc.c.obj)
                              (--whole-archive)
zephyr/libzephyr.a(heap.c.obj)
                              (--whole-archive)
zephyr/libzephyr.a(cbprintf_packaged.c.obj)
                              (--whole-archive)
zephyr/libzephyr.a(clock.c.obj)
                              (--whole-archive)
zephyr/libzephyr.a(printk.c.obj)
                              (--whole-archive)
zephyr/libzephyr.a(sem.c.obj)
                              (--whole-archive)
zephyr/libzephyr.a(thread_entry.c.obj)
                              (--whole-archive)
zephyr/libzephyr.a(cbprintf_complete.c.obj)
                              (--whole-archive)
zephyr/libzephyr.a(assert.c.obj)
                              (--whole-archive)
zephyr/libzephyr.a(reboot.c.obj)
                              (--whole-archive)
zephyr/libzephyr.a(dec.c.obj)
                              (--whole-archive)
zephyr/libzephyr.a(hex.c.obj)
                              (--whole-archive)
zephyr/libzephyr.a(rb.c.obj)  (--whole-archive)
zephyr/libzephyr.a(timeutil.c.obj)
                              (--whole-archive)
zephyr/libzephyr.a(bitarray.c.obj)
                              (--whole-archive)
zephyr/libzephyr.a(ring_buffer.c.obj)
                              (--whole-archive)
zephyr/libzephyr.a(last_section_id.c.obj)
                              (--whole-archive)
zephyr/libzephyr.a(configs.c.obj)
                              (--whole-archive)
zephyr/libzephyr.a(soc.c.obj)
                              (--whole-archive)
zephyr/libzephyr.a(mem_attr.c.obj)
                              (--whole-archive)
zephyr/libzephyr.a(tracing_none.c.obj)
                              (--whole-archive)
zephyr/arch/common/libarch__common.a(sw_isr_common.c.obj)
                              (--whole-archive)
zephyr/arch/arch/arm/core/libarch__arm__core.a(fatal.c.obj)
                              (--whole-archive)
zephyr/arch/arch/arm/core/libarch__arm__core.a(nmi.c.obj)
                              (--whole-archive)
zephyr/arch/arch/arm/core/libarch__arm__core.a(nmi_on_reset.S.obj)
                              (--whole-archive)
zephyr/arch/arch/arm/core/libarch__arm__core.a(tls.c.obj)
                              (--whole-archive)
zephyr/arch/arch/arm/core/cortex_m/libarch__arm__core__cortex_m.a(exc_exit.c.obj)
                              (--whole-archive)
zephyr/arch/arch/arm/core/cortex_m/libarch__arm__core__cortex_m.a(fault.c.obj)
                              (--whole-archive)
zephyr/arch/arch/arm/core/cortex_m/libarch__arm__core__cortex_m.a(fault_s.S.obj)
                              (--whole-archive)
zephyr/arch/arch/arm/core/cortex_m/libarch__arm__core__cortex_m.a(fpu.c.obj)
                              (--whole-archive)
zephyr/arch/arch/arm/core/cortex_m/libarch__arm__core__cortex_m.a(reset.S.obj)
                              (--whole-archive)
zephyr/arch/arch/arm/core/cortex_m/libarch__arm__core__cortex_m.a(scb.c.obj)
                              (--whole-archive)
zephyr/arch/arch/arm/core/cortex_m/libarch__arm__core__cortex_m.a(thread_abort.c.obj)
                              (--whole-archive)
zephyr/arch/arch/arm/core/cortex_m/libarch__arm__core__cortex_m.a(vector_table.S.obj)
                              (--whole-archive)
zephyr/arch/arch/arm/core/cortex_m/libarch__arm__core__cortex_m.a(swap_helper.S.obj)
                              (--whole-archive)
zephyr/arch/arch/arm/core/cortex_m/libarch__arm__core__cortex_m.a(irq_manage.c.obj)
                              (--whole-archive)
zephyr/arch/arch/arm/core/cortex_m/libarch__arm__core__cortex_m.a(prep_c.c.obj)
                              (--whole-archive)
zephyr/arch/arch/arm/core/cortex_m/libarch__arm__core__cortex_m.a(thread.c.obj)
                              (--whole-archive)
zephyr/arch/arch/arm/core/cortex_m/libarch__arm__core__cortex_m.a(cpu_idle.c.obj)
                              (--whole-archive)
zephyr/arch/arch/arm/core/cortex_m/libarch__arm__core__cortex_m.a(irq_init.c.obj)
                              (--whole-archive)
zephyr/arch/arch/arm/core/cortex_m/libarch__arm__core__cortex_m.a(isr_wrapper.c.obj)
                              (--whole-archive)
zephyr/arch/arch/arm/core/cortex_m/libarch__arm__core__cortex_m.a(__aeabi_read_tp.S.obj)
                              (--whole-archive)
zephyr/arch/arch/arm/core/mpu/libarch__arm__core__mpu.a(arm_core_mpu.c.obj)
                              (--whole-archive)
zephyr/arch/arch/arm/core/mpu/libarch__arm__core__mpu.a(arm_mpu.c.obj)
                              (--whole-archive)
zephyr/arch/arch/arm/core/mpu/libarch__arm__core__mpu.a(arm_mpu_regions.c.obj)
                              (--whole-archive)
zephyr/lib/libc/picolibc/liblib__libc__picolibc.a(assert.c.obj)
                              (--whole-archive)
zephyr/lib/libc/picolibc/liblib__libc__picolibc.a(cbprintf.c.obj)
[...]
Memory Configuration

Name             Origin             Length             Attributes
FLASH            0x0000000000000000 0x0000000000400000 xr
RAM              0x0000000020000000 0x0000000000400000 xw
IDT_LIST         0x00000000ffff7fff 0x0000000000008000 xw
*default*        0x0000000000000000 0xffffffffffffffff

Linker script and memory map

                0x0000000000003170                vfprintf = __l_vfprintf
                0x0000000000000000                vfscanf = __l_vfscanf
LOAD zephyr/CMakeFiles/zephyr_pre0.dir/misc/empty_file.c.obj
LOAD zephyr/CMakeFiles/offsets.dir/./arch/arm/core/offsets/offsets.c.obj
LOAD app/libapp.a
LOAD zephyr/libzephyr.a
LOAD zephyr/arch/common/libarch__common.a
LOAD zephyr/arch/arch/arm/core/libarch__arm__core.a
LOAD zephyr/arch/arch/arm/core/cortex_m/libarch__arm__core__cortex_m.a
LOAD zephyr/arch/arch/arm/core/mpu/libarch__arm__core__mpu.a
LOAD zephyr/lib/libc/picolibc/liblib__libc__picolibc.a
LOAD zephyr/lib/libc/common/liblib__libc__common.a
LOAD zephyr/subsys/random/libsubsys__random.a
LOAD zephyr/subsys/zbus/libsubsys__zbus.a
LOAD zephyr/drivers/console/libdrivers__console.a
LOAD zephyr/drivers/gpio/libdrivers__gpio.a
LOAD zephyr/drivers/pinctrl/libdrivers__pinctrl.a
LOAD zephyr/drivers/serial/libdrivers__serial.a
LOAD zephyr/drivers/timer/libdrivers__timer.a
LOAD zephyr/kernel/libkernel.a
LOAD zephyr/arch/common/libisr_tables.a
LOAD /home/cetaco/zephyr-sdk-0.17.2/arm-zephyr-eabi/bin/../lib/gcc/../../picolibc/arm-zephyr-eabi/lib/thumb/v7-m/nofp/libc.a
LOAD /home/cetaco/zephyr-sdk-0.17.2/arm-zephyr-eabi/bin/../lib/gcc/arm-zephyr-eabi/12.2.0/thumb/v7-m/nofp/libgcc.a
                0x0000000000000020                _region_min_align = 0x20

.rel.plt        0x0000000000000000        0x0
 *(SORT_BY_ALIGNMENT(.rel.plt))
                [!provide]                        PROVIDE (__rel_iplt_start = .)
 *(SORT_BY_ALIGNMENT(.rel.iplt))
 .rel.iplt      0x0000000000000000        0x0 app/libapp.a(main.c.obj)
                [!provide]                        PROVIDE (__rel_iplt_end = .)

.rela.plt       0x0000000000000000        0x0
 *(SORT_BY_ALIGNMENT(.rela.plt))
                [!provide]                        PROVIDE (__rela_iplt_start = .)
 *(SORT_BY_ALIGNMENT(.rela.iplt))
                [!provide]                        PROVIDE (__rela_iplt_end = .)

.rel.dyn
 *(SORT_BY_ALIGNMENT(.rel.*))

.rela.dyn
 *(SORT_BY_ALIGNMENT(.rela.*))

/DISCARD/
 *(SORT_BY_ALIGNMENT(.plt))

/DISCARD/
 *(SORT_BY_ALIGNMENT(.iplt))
                0x0000000000000000                __rom_region_start = 0x0

rom_start       0x0000000000000000       0xc0
                0x0000000000000000                __rom_start_address = .
 FILL mask 0x00
                0x0000000000000000                . = (. + (0x0 - (. - __rom_start_address)))
                0x0000000000000000                . = ALIGN (0x4)
                0x0000000000000000                . = ALIGN (0x80)
                0x0000000000000000                . = ALIGN (0x100)
                0x0000000000000000                _vector_start = .
 *(SORT_BY_ALIGNMENT(.exc_vector_table))
 *(SORT_BY_ALIGNMENT(.exc_vector_table.*))
 .exc_vector_table._vector_table_section
                0x0000000000000000       0x40 zephyr/arch/arch/arm/core/cortex_m/libarch__arm__core__cortex_m.a(vector_table.S.obj)
                0x0000000000000000                _vector_table
 *(SORT_BY_ALIGNMENT(.vectors))
                0x00000000000000c0                _vector_end = .
                0x0000000000000040                . = ALIGN (0x4)
 *(SORT_BY_ALIGNMENT(.gnu.linkonce.irq_vector_table*))
 .gnu.linkonce.irq_vector_table
                0x0000000000000040       0x80 zephyr/arch/common/libisr_tables.a(isr_tables.c.obj)
                0x0000000000000040                _irq_vector_table
                0x00000000000000c0                _vector_end = .

text            0x00000000000000c0     0x4250
                0x00000000000000c0                __text_region_start = .
 *(SORT_BY_ALIGNMENT(.text))
 .text          0x00000000000000c0      0x378 /home/cetaco/zephyr-sdk-0.17.2/arm-zephyr-eabi/bin/../lib/gcc/arm-zephyr-eabi/12.2.0/thumb/v7-m/nofp/libgcc.a(_arm_addsubdf3.o)
                0x00000000000000c0                __aeabi_drsub
                0x00000000000000c8                __aeabi_dsub
                0x00000000000000c8                __subdf3
                0x00000000000000cc                __adddf3
                0x00000000000000cc                __aeabi_dadd
                0x0000000000000344                __aeabi_ui2d
                0x0000000000000344                __floatunsidf
                0x0000000000000364                __floatsidf
                0x0000000000000364                __aeabi_i2d
                0x0000000000000388                __extendsfdf2
                0x0000000000000388                __aeabi_f2d
                0x00000000000003cc                __aeabi_ul2d
                0x00000000000003cc                __floatundidf
                0x00000000000003dc                __floatdidf
                0x00000000000003dc                __aeabi_l2d
 .text          0x0000000000000438      0x424 /home/cetaco/zephyr-sdk-0.17.2/arm-zephyr-eabi/bin/../lib/gcc/arm-zephyr-eabi/12.2.0/thumb/v7-m/nofp/libgcc.a(_arm_muldivdf3.o)
                0x0000000000000438                __aeabi_dmul
                0x0000000000000438                __muldf3
                0x000000000000068c                __aeabi_ddiv
                0x000000000000068c                __divdf3
 .text          0x000000000000085c       0x50 /home/cetaco/zephyr-sdk-0.17.2/arm-zephyr-eabi/bin/../lib/gcc/arm-zephyr-eabi/12.2.0/thumb/v7-m/nofp/libgcc.a(_arm_fixdfsi.o)
                0x000000000000085c                __fixdfsi
                0x000000000000085c                __aeabi_d2iz
 .text          0x00000000000008ac       0x30 /home/cetaco/zephyr-sdk-0.17.2/arm-zephyr-eabi/bin/../lib/gcc/arm-zephyr-eabi/12.2.0/thumb/v7-m/nofp/libgcc.a(_aeabi_uldivmod.o)
                0x00000000000008ac                __aeabi_uldivmod
 .text          0x00000000000008dc        0x4 /home/cetaco/zephyr-sdk-0.17.2/arm-zephyr-eabi/bin/../lib/gcc/arm-zephyr-eabi/12.2.0/thumb/v7-m/nofp/libgcc.a(_dvmd_tls.o)
                0x00000000000008dc                __aeabi_ldiv0
                0x00000000000008dc                __aeabi_idiv0
 .text          0x00000000000008e0      0x2a0 /home/cetaco/zephyr-sdk-0.17.2/arm-zephyr-eabi/bin/../lib/gcc/arm-zephyr-eabi/12.2.0/thumb/v7-m/nofp/libgcc.a(_udivmoddi4.o)
                0x00000000000008e0                __udivmoddi4
 *(SORT_BY_ALIGNMENT(.text.*))
 .text.speed_sensor_thread_start
                0x0000000000000b80       0xb4 app/libapp.a(main.c.obj)
                0x0000000000000b80                speed_sensor_thread_start
 .text.mag_1_callback_func.part.0
                0x0000000000000c34       0x28 app/libapp.a(main.c.obj)
 .text.mag_1_callback_func.constprop.0
                0x0000000000000c5c       0x20 app/libapp.a(main.c.obj)
 .text.gpio_add_callback.constprop.0.isra.0
                0x0000000000000c7c       0x14 app/libapp.a(main.c.obj)
 .text.display_thread_start
                0x0000000000000c90       0x98 app/libapp.a(main.c.obj)
                0x0000000000000c90                display_thread_start
 .text.mag_2_callback_func
                0x0000000000000d28       0x40 app/libapp.a(main.c.obj)
                0x0000000000000d28                mag_2_callback_func
 .text.mag_1_callback_func
                0x0000000000000d68       0x20 app/libapp.a(main.c.obj)
                0x0000000000000d68                mag_1_callback_func
 .text.mag_2_callback_func.constprop.0
                0x0000000000000d88       0x40 app/libapp.a(main.c.obj)
 .text.radar_reset
                0x0000000000000dc8       0x2c app/libapp.a(main.c.obj)
                0x0000000000000dc8                radar_reset
 .text.tests_thread_start
                0x0000000000000df4      0x134 app/libapp.a(main.c.obj)
                0x0000000000000df4                tests_thread_start
 .text.generate_placa_mercosul
                0x0000000000000f28      0x104 app/libapp.a(main.c.obj)
                0x0000000000000f28                generate_placa_mercosul
 .text.cam_thread_start
                0x000000000000102c       0x80 app/libapp.a(main.c.obj)
                0x000000000000102c                cam_thread_start
 .text.main     0x00000000000010ac      0x208 app/libapp.a(main.c.obj)
                0x00000000000010ac                main
 .text.char_out
                0x00000000000012b4        0xc zephyr/libzephyr.a(printk.c.obj)
 .text.__printk_hook_install
                0x00000000000012c0        0xc zephyr/libzephyr.a(printk.c.obj)
                0x00000000000012c0                __printk_hook_install
 .text.vprintk  0x00000000000012cc       0x30 zephyr/libzephyr.a(printk.c.obj)
                0x00000000000012cc                vprintk
 .text.z_thread_entry
                0x00000000000012fc       0x34 zephyr/libzephyr.a(thread_entry.c.obj)
                0x00000000000012fc                z_thread_entry
 .text.mem_attr_get_regions
                0x0000000000001330        0xc zephyr/libzephyr.a(mem_attr.c.obj)
                0x0000000000001330                mem_attr_get_regions
 .text.z_arm_fatal_error
                0x000000000000133c       0x60 zephyr/arch/arch/arm/core/libarch__arm__core.a(fatal.c.obj)
                0x000000000000133c                z_arm_fatal_error
 .text.z_arm_nmi
                0x000000000000139c       0x14 zephyr/arch/arch/arm/core/libarch__arm__core.a(nmi.c.obj)
                0x000000000000139c                z_arm_nmi
 .text.z_SysNmiOnReset
                0x00000000000013b0        0x8 zephyr/arch/arch/arm/core/libarch__arm__core.a(nmi_on_reset.S.obj)
                0x00000000000013b0                z_SysNmiOnReset
 .text.arch_tls_stack_setup
                0x00000000000013b8       0x40 zephyr/arch/arch/arm/core/libarch__arm__core.a(tls.c.obj)
                0x00000000000013b8                arch_tls_stack_setup
 .text._HandlerModeExit
                0x00000000000013f8       0x20 zephyr/arch/arch/arm/core/cortex_m/libarch__arm__core__cortex_m.a(exc_exit.c.obj)
                0x00000000000013f8                z_arm_exc_exit
                0x00000000000013f8                z_arm_int_exit
 .text.usage_fault.constprop.0
                0x0000000000001418       0x98 zephyr/arch/arch/arm/core/cortex_m/libarch__arm__core__cortex_m.a(fault.c.obj)
 .text.bus_fault.constprop.0
                0x00000000000014b0       0xa4 zephyr/arch/arch/arm/core/cortex_m/libarch__arm__core__cortex_m.a(fault.c.obj)
 .text.mem_manage_fault.constprop.0
                0x0000000000001554       0x9c zephyr/arch/arch/arm/core/cortex_m/libarch__arm__core__cortex_m.a(fault.c.obj)
 .text.z_arm_fault
                0x00000000000015f0      0x1a0 zephyr/arch/arch/arm/core/cortex_m/libarch__arm__core__cortex_m.a(fault.c.obj)
                0x00000000000015f0                z_arm_fault
 .text.z_arm_fault_init
                0x0000000000001790       0x18 zephyr/arch/arch/arm/core/cortex_m/libarch__arm__core__cortex_m.a(fault.c.obj)
                0x0000000000001790                z_arm_fault_init
 .text.__fault  0x00000000000017a8       0x14 zephyr/arch/arch/arm/core/cortex_m/libarch__arm__core__cortex_m.a(fault_s.S.obj)
                0x00000000000017a8                z_arm_bus_fault
                0x00000000000017a8                z_arm_usage_fault
                0x00000000000017a8                z_arm_mpu_fault
                0x00000000000017a8                z_arm_exc_spurious
                0x00000000000017a8                z_arm_debug_monitor
                0x00000000000017a8                z_arm_hard_fault
 .text._reset_section
                0x00000000000017bc       0x34 zephyr/arch/arch/arm/core/cortex_m/libarch__arm__core__cortex_m.a(reset.S.obj)
                0x00000000000017bc                z_arm_reset
                0x00000000000017bc                __start
 .text.z_impl_k_thread_abort
                0x00000000000017f0       0x2c zephyr/arch/arch/arm/core/cortex_m/libarch__arm__core__cortex_m.a(thread_abort.c.obj)
                0x00000000000017f0                z_impl_k_thread_abort
 .text.z_arm_pendsv
                0x000000000000181c       0x54 zephyr/arch/arch/arm/core/cortex_m/libarch__arm__core__cortex_m.a(swap_helper.S.obj)
                0x000000000000181c                z_arm_pendsv
 .text.z_arm_svc
                0x0000000000001870       0x24 zephyr/arch/arch/arm/core/cortex_m/libarch__arm__core__cortex_m.a(swap_helper.S.obj)
                0x0000000000001870                z_arm_svc
 .text.arm_irq_enable
                0x0000000000001894       0x1c zephyr/arch/arch/arm/core/cortex_m/libarch__arm__core__cortex_m.a(irq_manage.c.obj)
                0x0000000000001894                arm_irq_enable
 .text.arm_irq_priority_set
                0x00000000000018b0       0x2c zephyr/arch/arch/arm/core/cortex_m/libarch__arm__core__cortex_m.a(irq_manage.c.obj)
                0x00000000000018b0                arm_irq_priority_set
 .text.relocate_vector_table
                0x00000000000018dc       0x20 zephyr/arch/arch/arm/core/cortex_m/libarch__arm__core__cortex_m.a(prep_c.c.obj)
                0x00000000000018dc                relocate_vector_table
 .text.arch_new_thread
                0x00000000000018fc       0x38 zephyr/arch/arch/arm/core/cortex_m/libarch__arm__core__cortex_m.a(thread.c.obj)
                0x00000000000018fc                arch_new_thread
 .text.arch_switch_to_main_thread
                0x0000000000001934       0x38 zephyr/arch/arch/arm/core/cortex_m/libarch__arm__core__cortex_m.a(thread.c.obj)
                0x0000000000001934                arch_switch_to_main_thread
 .text.z_arm_cpu_idle_init
                0x000000000000196c        0xc zephyr/arch/arch/arm/core/cortex_m/libarch__arm__core__cortex_m.a(cpu_idle.c.obj)
                0x000000000000196c                z_arm_cpu_idle_init
 .text.z_arm_interrupt_init
                0x0000000000001978       0x18 zephyr/arch/arch/arm/core/cortex_m/libarch__arm__core__cortex_m.a(irq_init.c.obj)
                0x0000000000001978                z_arm_interrupt_init
 .text._isr_wrapper
                0x0000000000001990       0x24 zephyr/arch/arch/arm/core/cortex_m/libarch__arm__core__cortex_m.a(isr_wrapper.c.obj)
                0x0000000000001990                _isr_wrapper
 .text.z_arm_configure_static_mpu_regions
                0x00000000000019b4       0x18 zephyr/arch/arch/arm/core/mpu/libarch__arm__core__mpu.a(arm_core_mpu.c.obj)
                0x00000000000019b4                z_arm_configure_static_mpu_regions
 .text.region_init
                0x00000000000019cc       0x28 zephyr/arch/arch/arm/core/mpu/libarch__arm__core__mpu.a(arm_mpu.c.obj)
 .text.mpu_configure_regions
                0x00000000000019f4       0x6c zephyr/arch/arch/arm/core/mpu/libarch__arm__core__mpu.a(arm_mpu.c.obj)
 .text.arm_core_mpu_enable
                0x0000000000001a60       0x18 zephyr/arch/arch/arm/core/mpu/libarch__arm__core__mpu.a(arm_mpu.c.obj)
                0x0000000000001a60                arm_core_mpu_enable
 .text.arm_core_mpu_disable
                0x0000000000001a78       0x14 zephyr/arch/arch/arm/core/mpu/libarch__arm__core__mpu.a(arm_mpu.c.obj)
                0x0000000000001a78                arm_core_mpu_disable
 .text.arm_core_mpu_configure_static_mpu_regions
                0x0000000000001a8c       0x14 zephyr/arch/arch/arm/core/mpu/libarch__arm__core__mpu.a(arm_mpu.c.obj)
                0x0000000000001a8c                arm_core_mpu_configure_static_mpu_regions
 .text.z_arm_mpu_init
                0x0000000000001aa0      0x168 zephyr/arch/arch/arm/core/mpu/libarch__arm__core__mpu.a(arm_mpu.c.obj)
                0x0000000000001aa0                z_arm_mpu_init
 .text.z_impl_zephyr_fputc
                0x0000000000001c08       0x10 zephyr/lib/libc/picolibc/liblib__libc__picolibc.a(stdio.c.obj)
                0x0000000000001c08                z_impl_zephyr_fputc
 .text.__stdout_hook_install
                0x0000000000001c18       0x18 zephyr/lib/libc/picolibc/liblib__libc__picolibc.a(stdio.c.obj)
                0x0000000000001c18                __stdout_hook_install
 .text.malloc_prepare
                0x0000000000001c30       0x20 zephyr/lib/libc/common/liblib__libc__common.a(malloc.c.obj)
 .text.z_impl_sys_rand_get
                0x0000000000001c50       0x84 zephyr/subsys/random/libsubsys__random.a(random_timer.c.obj)
                0x0000000000001c50                z_impl_sys_rand_get
 .text._zbus_init
                0x0000000000001cd4       0x48 zephyr/subsys/zbus/libsubsys__zbus.a(zbus.c.obj)
                0x0000000000001cd4                _zbus_init
 .text._zbus_vded_exec
                0x0000000000001d1c       0x88 zephyr/subsys/zbus/libsubsys__zbus.a(zbus.c.obj)
 .text.chan_lock.constprop.0
                0x0000000000001da4       0x88 zephyr/subsys/zbus/libsubsys__zbus.a(zbus.c.obj)
 .text.zbus_chan_pub
                0x0000000000001e2c       0x90 zephyr/subsys/zbus/libsubsys__zbus.a(zbus.c.obj)
                0x0000000000001e2c                zbus_chan_pub
 .text.uart_console_init
                0x0000000000001ebc       0x28 zephyr/drivers/console/libdrivers__console.a(uart_console.c.obj)
 .text.console_out
                0x0000000000001ee4       0x28 zephyr/drivers/console/libdrivers__console.a(uart_console.c.obj)
 .text.pinctrl_configure_pins
                0x0000000000001f0c       0x44 zephyr/drivers/pinctrl/libdrivers__pinctrl.a(pinctrl_arm_mps2.c.obj)
                0x0000000000001f0c                pinctrl_configure_pins
 .text.elapsed  0x0000000000001f50       0x4c zephyr/drivers/timer/libdrivers__timer.a(cortex_m_systick.c.obj)
 .text.sys_clock_driver_init
                0x0000000000001f9c       0x38 zephyr/drivers/timer/libdrivers__timer.a(cortex_m_systick.c.obj)
 .text.sys_clock_isr
                0x0000000000001fd4       0x50 zephyr/drivers/timer/libdrivers__timer.a(cortex_m_systick.c.obj)
                0x0000000000001fd4                sys_clock_isr
 .text.sys_clock_set_timeout
                0x0000000000002024       0xe4 zephyr/drivers/timer/libdrivers__timer.a(cortex_m_systick.c.obj)
                0x0000000000002024                sys_clock_set_timeout
 .text.sys_clock_elapsed
                0x0000000000002108       0x3c zephyr/drivers/timer/libdrivers__timer.a(cortex_m_systick.c.obj)
                0x0000000000002108                sys_clock_elapsed
 .text.sys_clock_cycle_get_32
                0x0000000000002144       0x28 zephyr/drivers/timer/libdrivers__timer.a(cortex_m_systick.c.obj)
                0x0000000000002144                sys_clock_cycle_get_32
 .text.z_fatal_error
                0x000000000000216c       0x30 zephyr/kernel/libkernel.a(fatal.c.obj)
                0x000000000000216c                z_fatal_error
 .text.z_sys_init_run_level
                0x000000000000219c       0x30 zephyr/kernel/libkernel.a(init.c.obj)
 .text.bg_thread_main
                0x00000000000021cc       0xc0 zephyr/kernel/libkernel.a(init.c.obj)
 .text.z_bss_zero
                0x000000000000228c       0x18 zephyr/kernel/libkernel.a(init.c.obj)
                0x000000000000228c                z_bss_zero
 .text.z_init_cpu
                0x00000000000022a4       0x68 zephyr/kernel/libkernel.a(init.c.obj)
                0x00000000000022a4                z_init_cpu
 .text.z_cstart
                0x000000000000230c       0xc8 zephyr/kernel/libkernel.a(init.c.obj)
                0x000000000000230c                z_cstart
 .text.put_msg_in_queue
                0x00000000000023d4       0xd4 zephyr/kernel/libkernel.a(msg_q.c.obj)
 .text.z_impl_k_msgq_get
                0x00000000000024a8       0xc4 zephyr/kernel/libkernel.a(msg_q.c.obj)
                0x00000000000024a8                z_impl_k_msgq_get
 .text.z_impl_k_sem_give
                0x000000000000256c       0x68 zephyr/kernel/libkernel.a(sem.c.obj)
                0x000000000000256c                z_impl_k_sem_give
 .text.z_impl_k_sem_take
                0x00000000000025d4       0x4c zephyr/kernel/libkernel.a(sem.c.obj)
                0x00000000000025d4                z_impl_k_sem_take
 .text.z_setup_new_thread
                0x0000000000002620       0x7c zephyr/kernel/libkernel.a(thread.c.obj)
                0x0000000000002620                z_setup_new_thread
 .text.z_impl_k_thread_create
                0x000000000000269c       0x58 zephyr/kernel/libkernel.a(thread.c.obj)
                0x000000000000269c                z_impl_k_thread_create
 .text.z_dummy_thread_init
                0x00000000000026f4       0x18 zephyr/kernel/libkernel.a(thread.c.obj)
                0x00000000000026f4                z_dummy_thread_init
 .text.z_swap_irqlock
                0x000000000000270c       0x30 zephyr/kernel/libkernel.a(sched.c.obj)
 .text.ready_thread
                0x000000000000273c       0x84 zephyr/kernel/libkernel.a(sched.c.obj)
 .text.unready_thread
                0x00000000000027c0       0x54 zephyr/kernel/libkernel.a(sched.c.obj)
 .text.add_thread_timeout
                0x0000000000002814       0x1c zephyr/kernel/libkernel.a(sched.c.obj)
 .text.move_thread_to_end_of_prio_q
                0x0000000000002830       0x90 zephyr/kernel/libkernel.a(sched.c.obj)
                0x0000000000002830                move_thread_to_end_of_prio_q
 .text.z_pend_curr
                0x00000000000028c0       0x44 zephyr/kernel/libkernel.a(sched.c.obj)
                0x00000000000028c0                z_pend_curr
 .text.z_thread_prio_set
                0x0000000000002904       0xe4 zephyr/kernel/libkernel.a(sched.c.obj)
                0x0000000000002904                z_thread_prio_set
 .text.z_reschedule
                0x00000000000029e8       0x24 zephyr/kernel/libkernel.a(sched.c.obj)
                0x00000000000029e8                z_reschedule
 .text.z_reschedule_irqlock
                0x0000000000002a0c       0x28 zephyr/kernel/libkernel.a(sched.c.obj)
                0x0000000000002a0c                z_reschedule_irqlock
 .text.k_sched_lock
                0x0000000000002a34       0x28 zephyr/kernel/libkernel.a(sched.c.obj)
                0x0000000000002a34                k_sched_lock
 .text.k_sched_unlock
                0x0000000000002a5c       0x68 zephyr/kernel/libkernel.a(sched.c.obj)
                0x0000000000002a5c                k_sched_unlock
 .text.z_sched_init
                0x0000000000002ac4       0x10 zephyr/kernel/libkernel.a(sched.c.obj)
                0x0000000000002ac4                z_sched_init
 .text.z_impl_k_thread_priority_set
                0x0000000000002ad4       0x2c zephyr/kernel/libkernel.a(sched.c.obj)
                0x0000000000002ad4                z_impl_k_thread_priority_set
 .text.z_impl_k_yield
                0x0000000000002b00       0x88 zephyr/kernel/libkernel.a(sched.c.obj)
                0x0000000000002b00                z_impl_k_yield
 .text.z_tick_sleep
                0x0000000000002b88       0x78 zephyr/kernel/libkernel.a(sched.c.obj)
 .text.z_impl_k_wakeup
                0x0000000000002c00       0x48 zephyr/kernel/libkernel.a(sched.c.obj)
                0x0000000000002c00                z_impl_k_wakeup
 .text.z_impl_k_sched_current_thread_query
                0x0000000000002c48        0xc zephyr/kernel/libkernel.a(sched.c.obj)
                0x0000000000002c48                z_impl_k_sched_current_thread_query
 .text.z_thread_abort
                0x0000000000002c54      0x140 zephyr/kernel/libkernel.a(sched.c.obj)
                0x0000000000002c54                z_thread_abort
 .text.slice_timeout
                0x0000000000002d94       0x20 zephyr/kernel/libkernel.a(timeslicing.c.obj)
 .text.thread_is_sliceable
                0x0000000000002db4       0x3c zephyr/kernel/libkernel.a(timeslicing.c.obj)
                0x0000000000002db4                thread_is_sliceable
 .text.z_reset_time_slice
                0x0000000000002df0       0x50 zephyr/kernel/libkernel.a(timeslicing.c.obj)
                0x0000000000002df0                z_reset_time_slice
 .text.z_time_slice
                0x0000000000002e40       0x60 zephyr/kernel/libkernel.a(timeslicing.c.obj)
                0x0000000000002e40                z_time_slice
 .text.z_data_copy
                0x0000000000002ea0       0x38 zephyr/kernel/libkernel.a(xip.c.obj)
                0x0000000000002ea0                z_data_copy
 .text.first    0x0000000000002ed8       0x10 zephyr/kernel/libkernel.a(timeout.c.obj)
 .text.elapsed  0x0000000000002ee8       0x14 zephyr/kernel/libkernel.a(timeout.c.obj)
 .text.remove_timeout
                0x0000000000002efc       0x38 zephyr/kernel/libkernel.a(timeout.c.obj)
 .text.z_add_timeout
                0x0000000000002f34      0x120 zephyr/kernel/libkernel.a(timeout.c.obj)
                0x0000000000002f34                z_add_timeout
 .text.sys_clock_announce
                0x0000000000003054       0xbc zephyr/kernel/libkernel.a(timeout.c.obj)
                0x0000000000003054                sys_clock_announce
 .text.sys_clock_tick_get
                0x0000000000003110       0x30 zephyr/kernel/libkernel.a(timeout.c.obj)
                0x0000000000003110                sys_clock_tick_get
 .text.boot_banner
                0x0000000000003140        0xc zephyr/kernel/libkernel.a(banner.c.obj)
                0x0000000000003140                boot_banner
 .text.statics_init
                0x000000000000314c       0x24 zephyr/kernel/libkernel.a(kheap.c.obj)
 .text.__l_vfprintf
                0x0000000000003170      0x4b8 /home/cetaco/zephyr-sdk-0.17.2/arm-zephyr-eabi/bin/../lib/gcc/../../picolibc/arm-zephyr-eabi/lib/thumb/v7-m/nofp/libc.a(libc_tinystdio_vflprintf.c.o)
                0x0000000000003170                __l_vfprintf
 .text._OffsetAbsSyms
                0x0000000000003628        0x2 zephyr/CMakeFiles/offsets.dir/./arch/arm/core/offsets/offsets.c.obj
                0x0000000000003628                _OffsetAbsSyms
 .text.k_uptime_get
                0x000000000000362a       0x12 app/libapp.a(main.c.obj)
 .text.sys_rand32_get
                0x000000000000363c       0x14 app/libapp.a(main.c.obj)
 .text.gpio_pin_interrupt_configure_dt.constprop.0.isra.0
                0x0000000000003650       0x30 app/libapp.a(main.c.obj)
 .text.gpio_pin_configure_dt.constprop.0.isra.0
                0x0000000000003680       0x30 app/libapp.a(main.c.obj)
 .text.k_sleep.isra.0
                0x00000000000036b0        0x4 app/libapp.a(main.c.obj)
 .text.k_msleep.isra.0
                0x00000000000036b4       0x16 app/libapp.a(main.c.obj)
 .text.chunk_field
                0x00000000000036ca       0x16 zephyr/libzephyr.a(heap.c.obj)
 .text.chunk_set
                0x00000000000036e0       0x16 zephyr/libzephyr.a(heap.c.obj)
 .text.chunk_size
                0x00000000000036f6        0xc zephyr/libzephyr.a(heap.c.obj)
 .text.set_chunk_used
                0x0000000000003702       0x30 zephyr/libzephyr.a(heap.c.obj)
 .text.set_chunk_size
                0x0000000000003732        0x8 zephyr/libzephyr.a(heap.c.obj)
 .text.bucket_idx.isra.0
                0x000000000000373a       0x1c zephyr/libzephyr.a(heap.c.obj)
 .text.free_list_add
                0x0000000000003756       0x84 zephyr/libzephyr.a(heap.c.obj)
 .text.sys_heap_init
                0x00000000000037da       0xb0 zephyr/libzephyr.a(heap.c.obj)
                0x00000000000037da                sys_heap_init
 .text.arch_printk_char_out
                0x000000000000388a        0x4 zephyr/libzephyr.a(printk.c.obj)
                0x000000000000388a                arch_printk_char_out
 .text.printk   0x000000000000388e       0x1a zephyr/libzephyr.a(printk.c.obj)
                0x000000000000388e                printk
 .text._ConfigAbsSyms
                0x00000000000038a8        0x2 zephyr/libzephyr.a(configs.c.obj)
                0x00000000000038a8                _ConfigAbsSyms
 .text.z_do_kernel_oops
                0x00000000000038aa        0x8 zephyr/arch/arch/arm/core/libarch__arm__core.a(fatal.c.obj)
                0x00000000000038aa                z_do_kernel_oops
 .text.z_irq_spurious
                0x00000000000038b2        0x8 zephyr/arch/arch/arm/core/cortex_m/libarch__arm__core__cortex_m.a(irq_manage.c.obj)
                0x00000000000038b2                z_irq_spurious
 .text.z_prep_c
                0x00000000000038ba       0x16 zephyr/arch/arch/arm/core/cortex_m/libarch__arm__core__cortex_m.a(prep_c.c.obj)
                0x00000000000038ba                z_prep_c
 .text.arch_coprocessors_disable
                0x00000000000038d0        0x6 zephyr/arch/arch/arm/core/cortex_m/libarch__arm__core__cortex_m.a(thread.c.obj)
                0x00000000000038d0                arch_coprocessors_disable
 .text.arch_irq_unlock_outlined
                0x00000000000038d6        0xe zephyr/arch/arch/arm/core/cortex_m/libarch__arm__core__cortex_m.a(thread.c.obj)
                0x00000000000038d6                arch_irq_unlock_outlined
 .text.arch_cpu_idle
                0x00000000000038e4       0x1a zephyr/arch/arch/arm/core/cortex_m/libarch__arm__core__cortex_m.a(cpu_idle.c.obj)
                0x00000000000038e4                arch_cpu_idle
 .text.size_to_mpu_rasr_size
                0x00000000000038fe       0x20 zephyr/arch/arch/arm/core/mpu/libarch__arm__core__mpu.a(arm_mpu.c.obj)
 .text.picolibc_put
                0x000000000000391e        0xa zephyr/lib/libc/picolibc/liblib__libc__picolibc.a(stdio.c.obj)
 .text.zbus_chan_read
                0x0000000000003928       0x3a zephyr/subsys/zbus/libsubsys__zbus.a(zbus.c.obj)
                0x0000000000003928                zbus_chan_read
 .text.gpio_cmsdk_ahb_port_get_raw
                0x0000000000003962        0xc zephyr/drivers/gpio/libdrivers__gpio.a(gpio_cmsdk_ahb.c.obj)
 .text.gpio_cmsdk_ahb_port_set_masked_raw
                0x000000000000396e       0x12 zephyr/drivers/gpio/libdrivers__gpio.a(gpio_cmsdk_ahb.c.obj)
 .text.gpio_cmsdk_ahb_port_set_bits_raw
                0x0000000000003980        0xe zephyr/drivers/gpio/libdrivers__gpio.a(gpio_cmsdk_ahb.c.obj)
 .text.gpio_cmsdk_ahb_port_clear_bits_raw
                0x000000000000398e       0x10 zephyr/drivers/gpio/libdrivers__gpio.a(gpio_cmsdk_ahb.c.obj)
 .text.gpio_cmsdk_ahb_port_toggle_bits
                0x000000000000399e        0xe zephyr/drivers/gpio/libdrivers__gpio.a(gpio_cmsdk_ahb.c.obj)
 .text.gpio_cmsdk_ahb_pin_interrupt_configure
                0x00000000000039ac       0x4a zephyr/drivers/gpio/libdrivers__gpio.a(gpio_cmsdk_ahb.c.obj)
 .text.gpio_cmsdk_ahb_manage_callback
                0x00000000000039f6       0x52 zephyr/drivers/gpio/libdrivers__gpio.a(gpio_cmsdk_ahb.c.obj)
 .text.gpio_cmsdk_ahb_init
                0x0000000000003a48        0xc zephyr/drivers/gpio/libdrivers__gpio.a(gpio_cmsdk_ahb.c.obj)
 .text.gpio_cmsdk_port_0_config_func
                0x0000000000003a54       0x16 zephyr/drivers/gpio/libdrivers__gpio.a(gpio_cmsdk_ahb.c.obj)
 .text.gpio_cmsdk_port_1_config_func
                0x0000000000003a6a       0x16 zephyr/drivers/gpio/libdrivers__gpio.a(gpio_cmsdk_ahb.c.obj)
 .text.gpio_cmsdk_port_2_config_func
                0x0000000000003a80       0x16 zephyr/drivers/gpio/libdrivers__gpio.a(gpio_cmsdk_ahb.c.obj)
 .text.gpio_cmsdk_port_3_config_func
                0x0000000000003a96       0x16 zephyr/drivers/gpio/libdrivers__gpio.a(gpio_cmsdk_ahb.c.obj)
 .text.gpio_cmsdk_ahb_isr
                0x0000000000003aac       0x32 zephyr/drivers/gpio/libdrivers__gpio.a(gpio_cmsdk_ahb.c.obj)
 .text.cmsdk_ahb_gpio_config
                0x0000000000003ade       0x40 zephyr/drivers/gpio/libdrivers__gpio.a(gpio_cmsdk_ahb.c.obj)
                0x0000000000003ade                cmsdk_ahb_gpio_config
 .text.gpio_cmsdk_ahb_config
                0x0000000000003b1e        0xa zephyr/drivers/gpio/libdrivers__gpio.a(gpio_cmsdk_ahb.c.obj)
 .text.gpio_mmio32_config
                0x0000000000003b28       0x70 zephyr/drivers/gpio/libdrivers__gpio.a(gpio_mmio32.c.obj)
 .text.gpio_mmio32_port_get_raw
                0x0000000000003b98       0x12 zephyr/drivers/gpio/libdrivers__gpio.a(gpio_mmio32.c.obj)
 .text.gpio_mmio32_port_set_masked_raw
                0x0000000000003baa       0x2e zephyr/drivers/gpio/libdrivers__gpio.a(gpio_mmio32.c.obj)
 .text.gpio_mmio32_port_set_bits_raw
                0x0000000000003bd8       0x2a zephyr/drivers/gpio/libdrivers__gpio.a(gpio_mmio32.c.obj)
 .text.gpio_mmio32_port_clear_bits_raw
                0x0000000000003c02       0x2c zephyr/drivers/gpio/libdrivers__gpio.a(gpio_mmio32.c.obj)
 .text.gpio_mmio32_port_toggle_bits
                0x0000000000003c2e       0x2a zephyr/drivers/gpio/libdrivers__gpio.a(gpio_mmio32.c.obj)
 .text.gpio_mmio32_pin_interrupt_configure
                0x0000000000003c58        0x6 zephyr/drivers/gpio/libdrivers__gpio.a(gpio_mmio32.c.obj)
                0x0000000000003c58                gpio_mmio32_pin_interrupt_configure
 .text.gpio_mmio32_init
                0x0000000000003c5e        0xa zephyr/drivers/gpio/libdrivers__gpio.a(gpio_mmio32.c.obj)
                0x0000000000003c5e                gpio_mmio32_init
 .text.pinctrl_lookup_state
                0x0000000000003c68       0x26 zephyr/drivers/pinctrl/libdrivers__pinctrl.a(common.c.obj)
                0x0000000000003c68                pinctrl_lookup_state
 .text.uart_cmsdk_apb_poll_in
                0x0000000000003c8e       0x16 zephyr/drivers/serial/libdrivers__serial.a(uart_cmsdk_apb.c.obj)
 .text.uart_cmsdk_apb_poll_out
                0x0000000000003ca4        0xe zephyr/drivers/serial/libdrivers__serial.a(uart_cmsdk_apb.c.obj)
 .text.uart_cmsdk_apb_fifo_fill
                0x0000000000003cb2       0x20 zephyr/drivers/serial/libdrivers__serial.a(uart_cmsdk_apb.c.obj)
 .text.uart_cmsdk_apb_fifo_read
                0x0000000000003cd2       0x20 zephyr/drivers/serial/libdrivers__serial.a(uart_cmsdk_apb.c.obj)
 .text.uart_cmsdk_apb_irq_tx_disable
                0x0000000000003cf2       0x14 zephyr/drivers/serial/libdrivers__serial.a(uart_cmsdk_apb.c.obj)
 .text.uart_cmsdk_apb_irq_tx_ready
                0x0000000000003d06        0xe zephyr/drivers/serial/libdrivers__serial.a(uart_cmsdk_apb.c.obj)
 .text.uart_cmsdk_apb_irq_rx_enable
                0x0000000000003d14        0xe zephyr/drivers/serial/libdrivers__serial.a(uart_cmsdk_apb.c.obj)
 .text.uart_cmsdk_apb_irq_rx_disable
                0x0000000000003d22       0x14 zephyr/drivers/serial/libdrivers__serial.a(uart_cmsdk_apb.c.obj)
 .text.uart_cmsdk_apb_irq_tx_complete
                0x0000000000003d36        0x4 zephyr/drivers/serial/libdrivers__serial.a(uart_cmsdk_apb.c.obj)
 .text.uart_cmsdk_apb_irq_rx_ready
                0x0000000000003d3a        0xc zephyr/drivers/serial/libdrivers__serial.a(uart_cmsdk_apb.c.obj)
 .text.uart_cmsdk_apb_irq_err_enable
                0x0000000000003d46        0x2 zephyr/drivers/serial/libdrivers__serial.a(uart_cmsdk_apb.c.obj)
 .text.uart_cmsdk_apb_irq_is_pending
                0x0000000000003d48       0x1c zephyr/drivers/serial/libdrivers__serial.a(uart_cmsdk_apb.c.obj)
 .text.uart_cmsdk_apb_irq_update
                0x0000000000003d64        0x4 zephyr/drivers/serial/libdrivers__serial.a(uart_cmsdk_apb.c.obj)
 .text.uart_cmsdk_apb_irq_callback_set
                0x0000000000003d68        0x8 zephyr/drivers/serial/libdrivers__serial.a(uart_cmsdk_apb.c.obj)
 .text.uart_cmsdk_apb_isr
                0x0000000000003d70        0xc zephyr/drivers/serial/libdrivers__serial.a(uart_cmsdk_apb.c.obj)
 .text.uart_cmsdk_apb_irq_tx_enable
                0x0000000000003d7c       0x2a zephyr/drivers/serial/libdrivers__serial.a(uart_cmsdk_apb.c.obj)
 .text.uart_cmsdk_apb_irq_config_func_0
                0x0000000000003da6       0x26 zephyr/drivers/serial/libdrivers__serial.a(uart_cmsdk_apb.c.obj)
 .text.uart_cmsdk_apb_irq_config_func_1
                0x0000000000003dcc       0x26 zephyr/drivers/serial/libdrivers__serial.a(uart_cmsdk_apb.c.obj)
 .text.uart_cmsdk_apb_irq_config_func_2
                0x0000000000003df2       0x26 zephyr/drivers/serial/libdrivers__serial.a(uart_cmsdk_apb.c.obj)
 .text.uart_cmsdk_apb_init
                0x0000000000003e18       0x4a zephyr/drivers/serial/libdrivers__serial.a(uart_cmsdk_apb.c.obj)
 .text.uart_cmsdk_apb_irq_err_disable
                0x0000000000003e62        0x2 zephyr/drivers/serial/libdrivers__serial.a(uart_cmsdk_apb.c.obj)
 .text.z_device_state_init
                0x0000000000003e64        0x2 zephyr/kernel/libkernel.a(device.c.obj)
                0x0000000000003e64                z_device_state_init
 .text.z_impl_device_is_ready
                0x0000000000003e66       0x16 zephyr/kernel/libkernel.a(device.c.obj)
                0x0000000000003e66                z_impl_device_is_ready
 .text.arch_system_halt
                0x0000000000003e7c       0x10 zephyr/kernel/libkernel.a(fatal.c.obj)
                0x0000000000003e7c                arch_system_halt
 .text.k_sys_fatal_error_handler
                0x0000000000003e8c        0x6 zephyr/kernel/libkernel.a(fatal.c.obj)
                0x0000000000003e8c                k_sys_fatal_error_handler
 .text.do_device_init
                0x0000000000003e92       0x2e zephyr/kernel/libkernel.a(init.c.obj)
 .text.z_early_memset
                0x0000000000003ec0        0x4 zephyr/kernel/libkernel.a(init.c.obj)
                0x0000000000003ec0                z_early_memset
 .text.z_early_memcpy
                0x0000000000003ec4        0x4 zephyr/kernel/libkernel.a(init.c.obj)
                0x0000000000003ec4                z_early_memcpy
 .text.idle     0x0000000000003ec8       0x16 zephyr/kernel/libkernel.a(idle.c.obj)
                0x0000000000003ec8                idle
 .text.unpend_thread_no_timeout
                0x0000000000003ede       0x1a zephyr/kernel/libkernel.a(msg_q.c.obj)
 .text.z_impl_k_msgq_put
                0x0000000000003ef8        0xe zephyr/kernel/libkernel.a(msg_q.c.obj)
                0x0000000000003ef8                z_impl_k_msgq_put
 .text.z_impl_k_msgq_purge
                0x0000000000003f06       0x84 zephyr/kernel/libkernel.a(msg_q.c.obj)
                0x0000000000003f06                z_impl_k_msgq_purge
 .text.k_is_in_isr
                0x0000000000003f8a        0xc zephyr/kernel/libkernel.a(thread.c.obj)
                0x0000000000003f8a                k_is_in_isr
 .text.z_impl_k_thread_priority_get
                0x0000000000003f96        0x6 zephyr/kernel/libkernel.a(thread.c.obj)
                0x0000000000003f96                z_impl_k_thread_priority_get
 .text.sys_dlist_remove
                0x0000000000003f9c       0x10 zephyr/kernel/libkernel.a(sched.c.obj)
 .text.unpend_thread_no_timeout
                0x0000000000003fac       0x14 zephyr/kernel/libkernel.a(sched.c.obj)
 .text.add_to_waitq_locked
                0x0000000000003fc0       0x50 zephyr/kernel/libkernel.a(sched.c.obj)
 .text.z_ready_thread
                0x0000000000004010       0x1e zephyr/kernel/libkernel.a(sched.c.obj)
                0x0000000000004010                z_ready_thread
 .text.z_sched_wake_thread
                0x000000000000402e       0x3a zephyr/kernel/libkernel.a(sched.c.obj)
                0x000000000000402e                z_sched_wake_thread
 .text.z_thread_timeout
                0x0000000000004068        0x8 zephyr/kernel/libkernel.a(sched.c.obj)
                0x0000000000004068                z_thread_timeout
 .text.z_impl_k_sleep
                0x0000000000004070       0x3a zephyr/kernel/libkernel.a(sched.c.obj)
                0x0000000000004070                z_impl_k_sleep
 .text.next_timeout
                0x00000000000040aa       0x2e zephyr/kernel/libkernel.a(timeout.c.obj)
 .text.z_abort_timeout
                0x00000000000040d8       0x50 zephyr/kernel/libkernel.a(timeout.c.obj)
                0x00000000000040d8                z_abort_timeout
 .text.sys_clock_tick_get_32
                0x0000000000004128        0x8 zephyr/kernel/libkernel.a(timeout.c.obj)
                0x0000000000004128                sys_clock_tick_get_32
 .text.z_impl_k_uptime_ticks
                0x0000000000004130        0x4 zephyr/kernel/libkernel.a(timeout.c.obj)
                0x0000000000004130                z_impl_k_uptime_ticks
 .text.sys_timepoint_calc
                0x0000000000004134       0x4a zephyr/kernel/libkernel.a(timeout.c.obj)
                0x0000000000004134                sys_timepoint_calc
 .text.sys_timepoint_timeout
                0x000000000000417e       0x42 zephyr/kernel/libkernel.a(timeout.c.obj)
                0x000000000000417e                sys_timepoint_timeout
 .text.k_heap_init
                0x00000000000041c0       0x10 zephyr/kernel/libkernel.a(kheap.c.obj)
                0x00000000000041c0                k_heap_init
 .text.memcpy   0x00000000000041d0       0x1c /home/cetaco/zephyr-sdk-0.17.2/arm-zephyr-eabi/bin/../lib/gcc/../../picolibc/arm-zephyr-eabi/lib/thumb/v7-m/nofp/libc.a(memcpy.c.o)
                0x00000000000041d0                memcpy
                0x00000000000041d0                __aeabi_memcpy
                0x00000000000041d0                __aeabi_memcpy4
                0x00000000000041d0                __aeabi_memcpy8
 .text.memset   0x00000000000041ec       0x10 /home/cetaco/zephyr-sdk-0.17.2/arm-zephyr-eabi/bin/../lib/gcc/../../picolibc/arm-zephyr-eabi/lib/thumb/v7-m/nofp/libc.a(memset.c.o)
                0x00000000000041ec                memset
 .text.memcmp   0x00000000000041fc       0x20 /home/cetaco/zephyr-sdk-0.17.2/arm-zephyr-eabi/bin/../lib/gcc/../../picolibc/arm-zephyr-eabi/lib/thumb/v7-m/nofp/libc.a(libc_string_memcmp.c.o)
                0x00000000000041fc                memcmp
 .text.strncpy  0x000000000000421c       0x20 /home/cetaco/zephyr-sdk-0.17.2/arm-zephyr-eabi/bin/../lib/gcc/../../picolibc/arm-zephyr-eabi/lib/thumb/v7-m/nofp/libc.a(libc_string_strncpy.c.o)
                0x000000000000421c                strncpy
 .text.strnlen  0x000000000000423c       0x18 /home/cetaco/zephyr-sdk-0.17.2/arm-zephyr-eabi/bin/../lib/gcc/../../picolibc/arm-zephyr-eabi/lib/thumb/v7-m/nofp/libc.a(libc_string_strnlen.c.o)
                0x000000000000423c                strnlen
 .text.__ultoa_invert
                0x0000000000004254       0xae /home/cetaco/zephyr-sdk-0.17.2/arm-zephyr-eabi/bin/../lib/gcc/../../picolibc/arm-zephyr-eabi/lib/thumb/v7-m/nofp/libc.a(libc_tinystdio_vflprintf.c.o)
 *(SORT_BY_ALIGNMENT(.TEXT.*))
 *fill*         0x0000000000004302        0x2 
 .TEXT.__aeabi_read_tp
                0x0000000000004304        0xc zephyr/arch/arch/arm/core/cortex_m/libarch__arm__core__cortex_m.a(__aeabi_read_tp.S.obj)
                0x0000000000004304                __aeabi_read_tp
 *(SORT_BY_ALIGNMENT(.gnu.linkonce.t.*))
 *(SORT_BY_ALIGNMENT(.glue_7t))
 .glue_7t       0x0000000000004310        0x0 linker stubs
 *(SORT_BY_ALIGNMENT(.glue_7))
 .glue_7        0x0000000000004310        0x0 linker stubs
 *(SORT_BY_ALIGNMENT(.vfp11_veneer))
 .vfp11_veneer  0x0000000000004310        0x0 linker stubs
 *(SORT_BY_ALIGNMENT(.v4_bx))
 .v4_bx         0x0000000000004310        0x0 linker stubs
                0x0000000000004310                . = ALIGN (0x4)
                0x0000000000004310                __text_region_end = .

.ARM.exidx      0x0000000000004310        0x8
                0x0000000000004310                __exidx_start = .
 *(SORT_BY_ALIGNMENT(.ARM.exidx*) SORT_BY_ALIGNMENT(gnu.linkonce.armexidx.*))
 .ARM.exidx     0x0000000000004310        0x8 /home/cetaco/zephyr-sdk-0.17.2/arm-zephyr-eabi/bin/../lib/gcc/arm-zephyr-eabi/12.2.0/thumb/v7-m/nofp/libgcc.a(_udivmoddi4.o)
                0x0000000000004318                __exidx_end = .
                0x0000000000004318                __rodata_region_start = .

initlevel       0x0000000000004318       0x78
                0x0000000000004318                __init_start = .
                0x0000000000004318                __init_EARLY_start = .
 *(SORT_BY_NAME(SORT_BY_ALIGNMENT(.z_init_EARLY_P_?_*)))
 *(SORT_BY_NAME(SORT_BY_ALIGNMENT(.z_init_EARLY_P_??_*)))
 *(SORT_BY_NAME(SORT_BY_ALIGNMENT(.z_init_EARLY_P_???_*)))
                0x0000000000004318                __init_PRE_KERNEL_1_start = .
 *(SORT_BY_NAME(SORT_BY_ALIGNMENT(.z_init_PRE_KERNEL_1_P_?_*)))
 *(SORT_BY_NAME(SORT_BY_ALIGNMENT(.z_init_PRE_KERNEL_1_P_??_*)))
 .z_init_PRE_KERNEL_1_P_30_SUB_0_
                0x0000000000004318        0x8 zephyr/kernel/libkernel.a(kheap.c.obj)
 .z_init_PRE_KERNEL_1_P_40_SUB_00013_
                0x0000000000004320        0x8 zephyr/drivers/gpio/libdrivers__gpio.a(gpio_cmsdk_ahb.c.obj)
 .z_init_PRE_KERNEL_1_P_40_SUB_00032_
                0x0000000000004328        0x8 zephyr/drivers/gpio/libdrivers__gpio.a(gpio_cmsdk_ahb.c.obj)
 .z_init_PRE_KERNEL_1_P_40_SUB_00033_
                0x0000000000004330        0x8 zephyr/drivers/gpio/libdrivers__gpio.a(gpio_cmsdk_ahb.c.obj)
 .z_init_PRE_KERNEL_1_P_40_SUB_00034_
                0x0000000000004338        0x8 zephyr/drivers/gpio/libdrivers__gpio.a(gpio_cmsdk_ahb.c.obj)
 .z_init_PRE_KERNEL_1_P_50_SUB_00008_
                0x0000000000004340        0x8 zephyr/drivers/gpio/libdrivers__gpio.a(gpio_mmio32.c.obj)
 .z_init_PRE_KERNEL_1_P_50_SUB_00017_
                0x0000000000004348        0x8 zephyr/drivers/gpio/libdrivers__gpio.a(gpio_mmio32.c.obj)
 .z_init_PRE_KERNEL_1_P_50_SUB_00039_
                0x0000000000004350        0x8 zephyr/drivers/gpio/libdrivers__gpio.a(gpio_mmio32.c.obj)
 .z_init_PRE_KERNEL_1_P_50_SUB_00044_
                0x0000000000004358        0x8 zephyr/drivers/serial/libdrivers__serial.a(uart_cmsdk_apb.c.obj)
 .z_init_PRE_KERNEL_1_P_50_SUB_00045_
                0x0000000000004360        0x8 zephyr/drivers/serial/libdrivers__serial.a(uart_cmsdk_apb.c.obj)
 .z_init_PRE_KERNEL_1_P_50_SUB_00046_
                0x0000000000004368        0x8 zephyr/drivers/serial/libdrivers__serial.a(uart_cmsdk_apb.c.obj)
 .z_init_PRE_KERNEL_1_P_60_SUB_0_
                0x0000000000004370        0x8 zephyr/drivers/console/libdrivers__console.a(uart_console.c.obj)
 *(SORT_BY_NAME(SORT_BY_ALIGNMENT(.z_init_PRE_KERNEL_1_P_???_*)))
                0x0000000000004378                __init_PRE_KERNEL_2_start = .
 *(SORT_BY_NAME(SORT_BY_ALIGNMENT(.z_init_PRE_KERNEL_2_P_?_*)))
 .z_init_PRE_KERNEL_2_P_0_SUB_0_
                0x0000000000004378        0x8 zephyr/drivers/timer/libdrivers__timer.a(cortex_m_systick.c.obj)
 *(SORT_BY_NAME(SORT_BY_ALIGNMENT(.z_init_PRE_KERNEL_2_P_??_*)))
 *(SORT_BY_NAME(SORT_BY_ALIGNMENT(.z_init_PRE_KERNEL_2_P_???_*)))
                0x0000000000004380                __init_POST_KERNEL_start = .
 *(SORT_BY_NAME(SORT_BY_ALIGNMENT(.z_init_POST_KERNEL_P_?_*)))
 *(SORT_BY_NAME(SORT_BY_ALIGNMENT(.z_init_POST_KERNEL_P_??_*)))
 .z_init_POST_KERNEL_P_35_SUB_0_
                0x0000000000004380        0x8 zephyr/lib/libc/common/liblib__libc__common.a(malloc.c.obj)
 *(SORT_BY_NAME(SORT_BY_ALIGNMENT(.z_init_POST_KERNEL_P_???_*)))
                0x0000000000004388                __init_APPLICATION_start = .
 *(SORT_BY_NAME(SORT_BY_ALIGNMENT(.z_init_APPLICATION_P_?_*)))
 .z_init_APPLICATION_P_5_SUB_0_
                0x0000000000004388        0x8 zephyr/subsys/zbus/libsubsys__zbus.a(zbus.c.obj)
 *(SORT_BY_NAME(SORT_BY_ALIGNMENT(.z_init_APPLICATION_P_??_*)))
 *(SORT_BY_NAME(SORT_BY_ALIGNMENT(.z_init_APPLICATION_P_???_*)))
                0x0000000000004390                __init_SMP_start = .
 *(SORT_BY_NAME(SORT_BY_ALIGNMENT(.z_init_SMP_P_?_*)))
 *(SORT_BY_NAME(SORT_BY_ALIGNMENT(.z_init_SMP_P_??_*)))
 *(SORT_BY_NAME(SORT_BY_ALIGNMENT(.z_init_SMP_P_???_*)))
                0x0000000000004390                __init_end = .

device_area     0x0000000000004390      0x140
                0x0000000000004390                _device_list_start = .
 *(SORT_BY_NAME(SORT_BY_ALIGNMENT(._device.static.*_?_*)))
 *(SORT_BY_NAME(SORT_BY_ALIGNMENT(._device.static.*_??_*)))
 ._device.static.1_40_
                0x0000000000004390       0x80 zephyr/drivers/gpio/libdrivers__gpio.a(gpio_cmsdk_ahb.c.obj)
                0x0000000000004390                __device_dts_ord_34
                0x00000000000043b0                __device_dts_ord_33
                0x00000000000043d0                __device_dts_ord_32
                0x00000000000043f0                __device_dts_ord_13
 ._device.static.1_50_
                0x0000000000004410       0x60 zephyr/drivers/gpio/libdrivers__gpio.a(gpio_mmio32.c.obj)
                0x0000000000004410                __device_dts_ord_39
                0x0000000000004430                __device_dts_ord_8
                0x0000000000004450                __device_dts_ord_17
 ._device.static.1_50_
                0x0000000000004470       0x60 zephyr/drivers/serial/libdrivers__serial.a(uart_cmsdk_apb.c.obj)
                0x0000000000004470                __device_dts_ord_46
                0x0000000000004490                __device_dts_ord_45
                0x00000000000044b0                __device_dts_ord_44
 *(SORT_BY_NAME(SORT_BY_ALIGNMENT(._device.static.*_???_*)))
 *(SORT_BY_NAME(SORT_BY_ALIGNMENT(._device.static.*_????_*)))
 *(SORT_BY_NAME(SORT_BY_ALIGNMENT(._device.static.*_?????_*)))
                0x00000000000044d0                _device_list_end = .

sw_isr_table    0x00000000000044d0      0x100
                0x00000000000044d0                . = ALIGN (0x4)
 *(SORT_BY_ALIGNMENT(.gnu.linkonce.sw_isr_table*))
 .gnu.linkonce.sw_isr_table
                0x00000000000044d0      0x100 zephyr/arch/common/libisr_tables.a(isr_tables.c.obj)
                0x00000000000044d0                _sw_isr_table

initlevel_error
                0x0000000000004318        0x0
 *(SORT_BY_NAME(SORT_BY_ALIGNMENT(.z_init_*)))
                0x0000000000000001                ASSERT ((SIZEOF (initlevel_error) == 0x0), Undefined initialization levels used.)

app_shmem_regions
                0x00000000000045d0        0x0
                0x00000000000045d0                __app_shmem_regions_start = .
 *(SORT_BY_NAME(SORT_BY_ALIGNMENT(.app_regions.*)))
                0x00000000000045d0                __app_shmem_regions_end = .

k_p4wq_initparam_area
                0x00000000000045d0        0x0
                0x00000000000045d0                _k_p4wq_initparam_list_start = .
 *(SORT_BY_NAME(SORT_BY_ALIGNMENT(._k_p4wq_initparam.static.*)))
                0x00000000000045d0                _k_p4wq_initparam_list_end = .

_static_thread_data_area
                0x00000000000045d0        0x0
                0x00000000000045d0                __static_thread_data_list_start = .
 *(SORT_BY_NAME(SORT_BY_ALIGNMENT(.__static_thread_data.static.*)))
                0x00000000000045d0                __static_thread_data_list_end = .

device_deps     0x00000000000045d0        0x0
                0x00000000000045d0                __device_deps_start = .
 *(SORT_BY_NAME(SORT_BY_ALIGNMENT(.__device_deps_pass2*)))
                0x00000000000045d0                __device_deps_end = .

gpio_driver_api_area
                0x00000000000045d0       0x48
                0x00000000000045d0                _gpio_driver_api_list_start = .
 *(SORT_BY_NAME(SORT_BY_ALIGNMENT(._gpio_driver_api.static.*)))
 ._gpio_driver_api.static.gpio_cmsdk_ahb_drv_api_funcs_
                0x00000000000045d0       0x24 zephyr/drivers/gpio/libdrivers__gpio.a(gpio_cmsdk_ahb.c.obj)
 ._gpio_driver_api.static.gpio_mmio32_api_
                0x00000000000045f4       0x24 zephyr/drivers/gpio/libdrivers__gpio.a(gpio_mmio32.c.obj)
                0x00000000000045f4                gpio_mmio32_api
                0x0000000000004618                _gpio_driver_api_list_end = .

shared_irq_driver_api_area
                0x0000000000004618        0x0
                0x0000000000004618                _shared_irq_driver_api_list_start = .
 *(SORT_BY_NAME(SORT_BY_ALIGNMENT(._shared_irq_driver_api.static.*)))
                0x0000000000004618                _shared_irq_driver_api_list_end = .

crypto_driver_api_area
                0x0000000000004618        0x0
                0x0000000000004618                _crypto_driver_api_list_start = .
 *(SORT_BY_NAME(SORT_BY_ALIGNMENT(._crypto_driver_api.static.*)))
                0x0000000000004618                _crypto_driver_api_list_end = .

adc_driver_api_area
                0x0000000000004618        0x0
                0x0000000000004618                _adc_driver_api_list_start = .
 *(SORT_BY_NAME(SORT_BY_ALIGNMENT(._adc_driver_api.static.*)))
                0x0000000000004618                _adc_driver_api_list_end = .

auxdisplay_driver_api_area
                0x0000000000004618        0x0
                0x0000000000004618                _auxdisplay_driver_api_list_start = .
 *(SORT_BY_NAME(SORT_BY_ALIGNMENT(._auxdisplay_driver_api.static.*)))
                0x0000000000004618                _auxdisplay_driver_api_list_end = .

bbram_driver_api_area
                0x0000000000004618        0x0
                0x0000000000004618                _bbram_driver_api_list_start = .
 *(SORT_BY_NAME(SORT_BY_ALIGNMENT(._bbram_driver_api.static.*)))
                0x0000000000004618                _bbram_driver_api_list_end = .

bt_hci_driver_api_area
                0x0000000000004618        0x0
                0x0000000000004618                _bt_hci_driver_api_list_start = .
 *(SORT_BY_NAME(SORT_BY_ALIGNMENT(._bt_hci_driver_api.static.*)))
                0x0000000000004618                _bt_hci_driver_api_list_end = .

can_driver_api_area
                0x0000000000004618        0x0
                0x0000000000004618                _can_driver_api_list_start = .
 *(SORT_BY_NAME(SORT_BY_ALIGNMENT(._can_driver_api.static.*)))
                0x0000000000004618                _can_driver_api_list_end = .

cellular_driver_api_area
                0x0000000000004618        0x0
                0x0000000000004618                _cellular_driver_api_list_start = .
 *(SORT_BY_NAME(SORT_BY_ALIGNMENT(._cellular_driver_api.static.*)))
                0x0000000000004618                _cellular_driver_api_list_end = .

charger_driver_api_area
                0x0000000000004618        0x0
                0x0000000000004618                _charger_driver_api_list_start = .
 *(SORT_BY_NAME(SORT_BY_ALIGNMENT(._charger_driver_api.static.*)))
                0x0000000000004618                _charger_driver_api_list_end = .

clock_control_driver_api_area
                0x0000000000004618        0x0
                0x0000000000004618                _clock_control_driver_api_list_start = .
 *(SORT_BY_NAME(SORT_BY_ALIGNMENT(._clock_control_driver_api.static.*)))
                0x0000000000004618                _clock_control_driver_api_list_end = .

comparator_driver_api_area
                0x0000000000004618        0x0
                0x0000000000004618                _comparator_driver_api_list_start = .
 *(SORT_BY_NAME(SORT_BY_ALIGNMENT(._comparator_driver_api.static.*)))
                0x0000000000004618                _comparator_driver_api_list_end = .

coredump_driver_api_area
                0x0000000000004618        0x0
                0x0000000000004618                _coredump_driver_api_list_start = .
 *(SORT_BY_NAME(SORT_BY_ALIGNMENT(._coredump_driver_api.static.*)))
                0x0000000000004618                _coredump_driver_api_list_end = .

counter_driver_api_area
                0x0000000000004618        0x0
                0x0000000000004618                _counter_driver_api_list_start = .
 *(SORT_BY_NAME(SORT_BY_ALIGNMENT(._counter_driver_api.static.*)))
                0x0000000000004618                _counter_driver_api_list_end = .

dac_driver_api_area
                0x0000000000004618        0x0
                0x0000000000004618                _dac_driver_api_list_start = .
 *(SORT_BY_NAME(SORT_BY_ALIGNMENT(._dac_driver_api.static.*)))
                0x0000000000004618                _dac_driver_api_list_end = .

dai_driver_api_area
                0x0000000000004618        0x0
                0x0000000000004618                _dai_driver_api_list_start = .
 *(SORT_BY_NAME(SORT_BY_ALIGNMENT(._dai_driver_api.static.*)))
                0x0000000000004618                _dai_driver_api_list_end = .

display_driver_api_area
                0x0000000000004618        0x0
                0x0000000000004618                _display_driver_api_list_start = .
 *(SORT_BY_NAME(SORT_BY_ALIGNMENT(._display_driver_api.static.*)))
                0x0000000000004618                _display_driver_api_list_end = .

dma_driver_api_area
                0x0000000000004618        0x0
                0x0000000000004618                _dma_driver_api_list_start = .
 *(SORT_BY_NAME(SORT_BY_ALIGNMENT(._dma_driver_api.static.*)))
                0x0000000000004618                _dma_driver_api_list_end = .

edac_driver_api_area
                0x0000000000004618        0x0
                0x0000000000004618                _edac_driver_api_list_start = .
 *(SORT_BY_NAME(SORT_BY_ALIGNMENT(._edac_driver_api.static.*)))
                0x0000000000004618                _edac_driver_api_list_end = .

eeprom_driver_api_area
                0x0000000000004618        0x0
                0x0000000000004618                _eeprom_driver_api_list_start = .
 *(SORT_BY_NAME(SORT_BY_ALIGNMENT(._eeprom_driver_api.static.*)))
                0x0000000000004618                _eeprom_driver_api_list_end = .

emul_bbram_driver_api_area
                0x0000000000004618        0x0
                0x0000000000004618                _emul_bbram_driver_api_list_start = .
 *(SORT_BY_NAME(SORT_BY_ALIGNMENT(._emul_bbram_driver_api.static.*)))
                0x0000000000004618                _emul_bbram_driver_api_list_end = .

fuel_gauge_emul_driver_api_area
                0x0000000000004618        0x0
                0x0000000000004618                _fuel_gauge_emul_driver_api_list_start = .
 *(SORT_BY_NAME(SORT_BY_ALIGNMENT(._fuel_gauge_emul_driver_api.static.*)))
                0x0000000000004618                _fuel_gauge_emul_driver_api_list_end = .

emul_sensor_driver_api_area
                0x0000000000004618        0x0
                0x0000000000004618                _emul_sensor_driver_api_list_start = .
 *(SORT_BY_NAME(SORT_BY_ALIGNMENT(._emul_sensor_driver_api.static.*)))
                0x0000000000004618                _emul_sensor_driver_api_list_end = .

entropy_driver_api_area
                0x0000000000004618        0x0
                0x0000000000004618                _entropy_driver_api_list_start = .
 *(SORT_BY_NAME(SORT_BY_ALIGNMENT(._entropy_driver_api.static.*)))
                0x0000000000004618                _entropy_driver_api_list_end = .

espi_driver_api_area
                0x0000000000004618        0x0
                0x0000000000004618                _espi_driver_api_list_start = .
 *(SORT_BY_NAME(SORT_BY_ALIGNMENT(._espi_driver_api.static.*)))
                0x0000000000004618                _espi_driver_api_list_end = .

espi_saf_driver_api_area
                0x0000000000004618        0x0
                0x0000000000004618                _espi_saf_driver_api_list_start = .
 *(SORT_BY_NAME(SORT_BY_ALIGNMENT(._espi_saf_driver_api.static.*)))
                0x0000000000004618                _espi_saf_driver_api_list_end = .

flash_driver_api_area
                0x0000000000004618        0x0
                0x0000000000004618                _flash_driver_api_list_start = .
 *(SORT_BY_NAME(SORT_BY_ALIGNMENT(._flash_driver_api.static.*)))
                0x0000000000004618                _flash_driver_api_list_end = .

fpga_driver_api_area
                0x0000000000004618        0x0
                0x0000000000004618                _fpga_driver_api_list_start = .
 *(SORT_BY_NAME(SORT_BY_ALIGNMENT(._fpga_driver_api.static.*)))
                0x0000000000004618                _fpga_driver_api_list_end = .

fuel_gauge_driver_api_area
                0x0000000000004618        0x0
                0x0000000000004618                _fuel_gauge_driver_api_list_start = .
 *(SORT_BY_NAME(SORT_BY_ALIGNMENT(._fuel_gauge_driver_api.static.*)))
                0x0000000000004618                _fuel_gauge_driver_api_list_end = .

gnss_driver_api_area
                0x0000000000004618        0x0
                0x0000000000004618                _gnss_driver_api_list_start = .
 *(SORT_BY_NAME(SORT_BY_ALIGNMENT(._gnss_driver_api.static.*)))
                0x0000000000004618                _gnss_driver_api_list_end = .

haptics_driver_api_area
                0x0000000000004618        0x0
                0x0000000000004618                _haptics_driver_api_list_start = .
 *(SORT_BY_NAME(SORT_BY_ALIGNMENT(._haptics_driver_api.static.*)))
                0x0000000000004618                _haptics_driver_api_list_end = .

hwspinlock_driver_api_area
                0x0000000000004618        0x0
                0x0000000000004618                _hwspinlock_driver_api_list_start = .
 *(SORT_BY_NAME(SORT_BY_ALIGNMENT(._hwspinlock_driver_api.static.*)))
                0x0000000000004618                _hwspinlock_driver_api_list_end = .

i2c_driver_api_area
                0x0000000000004618        0x0
                0x0000000000004618                _i2c_driver_api_list_start = .
 *(SORT_BY_NAME(SORT_BY_ALIGNMENT(._i2c_driver_api.static.*)))
                0x0000000000004618                _i2c_driver_api_list_end = .

i2c_target_driver_api_area
                0x0000000000004618        0x0
                0x0000000000004618                _i2c_target_driver_api_list_start = .
 *(SORT_BY_NAME(SORT_BY_ALIGNMENT(._i2c_target_driver_api.static.*)))
                0x0000000000004618                _i2c_target_driver_api_list_end = .

i2s_driver_api_area
                0x0000000000004618        0x0
                0x0000000000004618                _i2s_driver_api_list_start = .
 *(SORT_BY_NAME(SORT_BY_ALIGNMENT(._i2s_driver_api.static.*)))
                0x0000000000004618                _i2s_driver_api_list_end = .

i3c_driver_api_area
                0x0000000000004618        0x0
                0x0000000000004618                _i3c_driver_api_list_start = .
 *(SORT_BY_NAME(SORT_BY_ALIGNMENT(._i3c_driver_api.static.*)))
                0x0000000000004618                _i3c_driver_api_list_end = .

ipm_driver_api_area
                0x0000000000004618        0x0
                0x0000000000004618                _ipm_driver_api_list_start = .
 *(SORT_BY_NAME(SORT_BY_ALIGNMENT(._ipm_driver_api.static.*)))
                0x0000000000004618                _ipm_driver_api_list_end = .

led_driver_api_area
                0x0000000000004618        0x0
                0x0000000000004618                _led_driver_api_list_start = .
 *(SORT_BY_NAME(SORT_BY_ALIGNMENT(._led_driver_api.static.*)))
                0x0000000000004618                _led_driver_api_list_end = .

led_strip_driver_api_area
                0x0000000000004618        0x0
                0x0000000000004618                _led_strip_driver_api_list_start = .
 *(SORT_BY_NAME(SORT_BY_ALIGNMENT(._led_strip_driver_api.static.*)))
                0x0000000000004618                _led_strip_driver_api_list_end = .

lora_driver_api_area
                0x0000000000004618        0x0
                0x0000000000004618                _lora_driver_api_list_start = .
 *(SORT_BY_NAME(SORT_BY_ALIGNMENT(._lora_driver_api.static.*)))
                0x0000000000004618                _lora_driver_api_list_end = .

mbox_driver_api_area
                0x0000000000004618        0x0
                0x0000000000004618                _mbox_driver_api_list_start = .
 *(SORT_BY_NAME(SORT_BY_ALIGNMENT(._mbox_driver_api.static.*)))
                0x0000000000004618                _mbox_driver_api_list_end = .

mdio_driver_api_area
                0x0000000000004618        0x0
                0x0000000000004618                _mdio_driver_api_list_start = .
 *(SORT_BY_NAME(SORT_BY_ALIGNMENT(._mdio_driver_api.static.*)))
                0x0000000000004618                _mdio_driver_api_list_end = .

mipi_dbi_driver_api_area
                0x0000000000004618        0x0
                0x0000000000004618                _mipi_dbi_driver_api_list_start = .
 *(SORT_BY_NAME(SORT_BY_ALIGNMENT(._mipi_dbi_driver_api.static.*)))
                0x0000000000004618                _mipi_dbi_driver_api_list_end = .

mipi_dsi_driver_api_area
                0x0000000000004618        0x0
                0x0000000000004618                _mipi_dsi_driver_api_list_start = .
 *(SORT_BY_NAME(SORT_BY_ALIGNMENT(._mipi_dsi_driver_api.static.*)))
                0x0000000000004618                _mipi_dsi_driver_api_list_end = .

mspi_driver_api_area
                0x0000000000004618        0x0
                0x0000000000004618                _mspi_driver_api_list_start = .
 *(SORT_BY_NAME(SORT_BY_ALIGNMENT(._mspi_driver_api.static.*)))
                0x0000000000004618                _mspi_driver_api_list_end = .

peci_driver_api_area
                0x0000000000004618        0x0
                0x0000000000004618                _peci_driver_api_list_start = .
 *(SORT_BY_NAME(SORT_BY_ALIGNMENT(._peci_driver_api.static.*)))
                0x0000000000004618                _peci_driver_api_list_end = .

ps2_driver_api_area
                0x0000000000004618        0x0
                0x0000000000004618                _ps2_driver_api_list_start = .
 *(SORT_BY_NAME(SORT_BY_ALIGNMENT(._ps2_driver_api.static.*)))
                0x0000000000004618                _ps2_driver_api_list_end = .

ptp_clock_driver_api_area
                0x0000000000004618        0x0
                0x0000000000004618                _ptp_clock_driver_api_list_start = .
 *(SORT_BY_NAME(SORT_BY_ALIGNMENT(._ptp_clock_driver_api.static.*)))
                0x0000000000004618                _ptp_clock_driver_api_list_end = .

pwm_driver_api_area
                0x0000000000004618        0x0
                0x0000000000004618                _pwm_driver_api_list_start = .
 *(SORT_BY_NAME(SORT_BY_ALIGNMENT(._pwm_driver_api.static.*)))
                0x0000000000004618                _pwm_driver_api_list_end = .

regulator_parent_driver_api_area
                0x0000000000004618        0x0
                0x0000000000004618                _regulator_parent_driver_api_list_start = .
 *(SORT_BY_NAME(SORT_BY_ALIGNMENT(._regulator_parent_driver_api.static.*)))
                0x0000000000004618                _regulator_parent_driver_api_list_end = .

regulator_driver_api_area
                0x0000000000004618        0x0
                0x0000000000004618                _regulator_driver_api_list_start = .
 *(SORT_BY_NAME(SORT_BY_ALIGNMENT(._regulator_driver_api.static.*)))
                0x0000000000004618                _regulator_driver_api_list_end = .

reset_driver_api_area
                0x0000000000004618        0x0
                0x0000000000004618                _reset_driver_api_list_start = .
 *(SORT_BY_NAME(SORT_BY_ALIGNMENT(._reset_driver_api.static.*)))
                0x0000000000004618                _reset_driver_api_list_end = .

retained_mem_driver_api_area
                0x0000000000004618        0x0
                0x0000000000004618                _retained_mem_driver_api_list_start = .
 *(SORT_BY_NAME(SORT_BY_ALIGNMENT(._retained_mem_driver_api.static.*)))
                0x0000000000004618                _retained_mem_driver_api_list_end = .

rtc_driver_api_area
                0x0000000000004618        0x0
                0x0000000000004618                _rtc_driver_api_list_start = .
 *(SORT_BY_NAME(SORT_BY_ALIGNMENT(._rtc_driver_api.static.*)))
                0x0000000000004618                _rtc_driver_api_list_end = .

sdhc_driver_api_area
                0x0000000000004618        0x0
                0x0000000000004618                _sdhc_driver_api_list_start = .
 *(SORT_BY_NAME(SORT_BY_ALIGNMENT(._sdhc_driver_api.static.*)))
                0x0000000000004618                _sdhc_driver_api_list_end = .

sensor_driver_api_area
                0x0000000000004618        0x0
                0x0000000000004618                _sensor_driver_api_list_start = .
 *(SORT_BY_NAME(SORT_BY_ALIGNMENT(._sensor_driver_api.static.*)))
                0x0000000000004618                _sensor_driver_api_list_end = .

smbus_driver_api_area
                0x0000000000004618        0x0
                0x0000000000004618                _smbus_driver_api_list_start = .
 *(SORT_BY_NAME(SORT_BY_ALIGNMENT(._smbus_driver_api.static.*)))
                0x0000000000004618                _smbus_driver_api_list_end = .

spi_driver_api_area
                0x0000000000004618        0x0
                0x0000000000004618                _spi_driver_api_list_start = .
 *(SORT_BY_NAME(SORT_BY_ALIGNMENT(._spi_driver_api.static.*)))
                0x0000000000004618                _spi_driver_api_list_end = .

stepper_driver_api_area
                0x0000000000004618        0x0
                0x0000000000004618                _stepper_driver_api_list_start = .
 *(SORT_BY_NAME(SORT_BY_ALIGNMENT(._stepper_driver_api.static.*)))
                0x0000000000004618                _stepper_driver_api_list_end = .

syscon_driver_api_area
                0x0000000000004618        0x0
                0x0000000000004618                _syscon_driver_api_list_start = .
 *(SORT_BY_NAME(SORT_BY_ALIGNMENT(._syscon_driver_api.static.*)))
                0x0000000000004618                _syscon_driver_api_list_end = .

tee_driver_api_area
                0x0000000000004618        0x0
                0x0000000000004618                _tee_driver_api_list_start = .
 *(SORT_BY_NAME(SORT_BY_ALIGNMENT(._tee_driver_api.static.*)))
                0x0000000000004618                _tee_driver_api_list_end = .

video_driver_api_area
                0x0000000000004618        0x0
                0x0000000000004618                _video_driver_api_list_start = .
 *(SORT_BY_NAME(SORT_BY_ALIGNMENT(._video_driver_api.static.*)))
                0x0000000000004618                _video_driver_api_list_end = .

virtio_driver_api_area
                0x0000000000004618        0x0
                0x0000000000004618                _virtio_driver_api_list_start = .
 *(SORT_BY_NAME(SORT_BY_ALIGNMENT(._virtio_driver_api.static.*)))
                0x0000000000004618                _virtio_driver_api_list_end = .

w1_driver_api_area
                0x0000000000004618        0x0
                0x0000000000004618                _w1_driver_api_list_start = .
 *(SORT_BY_NAME(SORT_BY_ALIGNMENT(._w1_driver_api.static.*)))
                0x0000000000004618                _w1_driver_api_list_end = .

wdt_driver_api_area
                0x0000000000004618        0x0
                0x0000000000004618                _wdt_driver_api_list_start = .
 *(SORT_BY_NAME(SORT_BY_ALIGNMENT(._wdt_driver_api.static.*)))
                0x0000000000004618                _wdt_driver_api_list_end = .

can_transceiver_driver_api_area
                0x0000000000004618        0x0
                0x0000000000004618                _can_transceiver_driver_api_list_start = .
 *(SORT_BY_NAME(SORT_BY_ALIGNMENT(._can_transceiver_driver_api.static.*)))
                0x0000000000004618                _can_transceiver_driver_api_list_end = .

nrf_clock_control_driver_api_area
                0x0000000000004618        0x0
                0x0000000000004618                _nrf_clock_control_driver_api_list_start = .
 *(SORT_BY_NAME(SORT_BY_ALIGNMENT(._nrf_clock_control_driver_api.static.*)))
                0x0000000000004618                _nrf_clock_control_driver_api_list_end = .

i3c_target_driver_api_area
                0x0000000000004618        0x0
                0x0000000000004618                _i3c_target_driver_api_list_start = .
 *(SORT_BY_NAME(SORT_BY_ALIGNMENT(._i3c_target_driver_api.static.*)))
                0x0000000000004618                _i3c_target_driver_api_list_end = .

its_driver_api_area
                0x0000000000004618        0x0
                0x0000000000004618                _its_driver_api_list_start = .
 *(SORT_BY_NAME(SORT_BY_ALIGNMENT(._its_driver_api.static.*)))
                0x0000000000004618                _its_driver_api_list_end = .

vtd_driver_api_area
                0x0000000000004618        0x0
                0x0000000000004618                _vtd_driver_api_list_start = .
 *(SORT_BY_NAME(SORT_BY_ALIGNMENT(._vtd_driver_api.static.*)))
                0x0000000000004618                _vtd_driver_api_list_end = .

renesas_elc_driver_api_area
                0x0000000000004618        0x0
                0x0000000000004618                _renesas_elc_driver_api_list_start = .
 *(SORT_BY_NAME(SORT_BY_ALIGNMENT(._renesas_elc_driver_api.static.*)))
                0x0000000000004618                _renesas_elc_driver_api_list_end = .

tgpio_driver_api_area
                0x0000000000004618        0x0
                0x0000000000004618                _tgpio_driver_api_list_start = .
 *(SORT_BY_NAME(SORT_BY_ALIGNMENT(._tgpio_driver_api.static.*)))
                0x0000000000004618                _tgpio_driver_api_list_end = .

pcie_ctrl_driver_api_area
                0x0000000000004618        0x0
                0x0000000000004618                _pcie_ctrl_driver_api_list_start = .
 *(SORT_BY_NAME(SORT_BY_ALIGNMENT(._pcie_ctrl_driver_api.static.*)))
                0x0000000000004618                _pcie_ctrl_driver_api_list_end = .

pcie_ep_driver_api_area
                0x0000000000004618        0x0
                0x0000000000004618                _pcie_ep_driver_api_list_start = .
 *(SORT_BY_NAME(SORT_BY_ALIGNMENT(._pcie_ep_driver_api.static.*)))
                0x0000000000004618                _pcie_ep_driver_api_list_end = .

psi5_driver_api_area
                0x0000000000004618        0x0
                0x0000000000004618                _psi5_driver_api_list_start = .
 *(SORT_BY_NAME(SORT_BY_ALIGNMENT(._psi5_driver_api.static.*)))
                0x0000000000004618                _psi5_driver_api_list_end = .

sent_driver_api_area
                0x0000000000004618        0x0
                0x0000000000004618                _sent_driver_api_list_start = .
 *(SORT_BY_NAME(SORT_BY_ALIGNMENT(._sent_driver_api.static.*)))
                0x0000000000004618                _sent_driver_api_list_end = .

svc_driver_api_area
                0x0000000000004618        0x0
                0x0000000000004618                _svc_driver_api_list_start = .
 *(SORT_BY_NAME(SORT_BY_ALIGNMENT(._svc_driver_api.static.*)))
                0x0000000000004618                _svc_driver_api_list_end = .

uart_driver_api_area
                0x0000000000004618       0x4c
                0x0000000000004618                _uart_driver_api_list_start = .
 *(SORT_BY_NAME(SORT_BY_ALIGNMENT(._uart_driver_api.static.*)))
 ._uart_driver_api.static.uart_cmsdk_apb_driver_api_
                0x0000000000004618       0x4c zephyr/drivers/serial/libdrivers__serial.a(uart_cmsdk_apb.c.obj)
                0x0000000000004664                _uart_driver_api_list_end = .

bc12_emul_driver_api_area
                0x0000000000004664        0x0
                0x0000000000004664                _bc12_emul_driver_api_list_start = .
 *(SORT_BY_NAME(SORT_BY_ALIGNMENT(._bc12_emul_driver_api.static.*)))
                0x0000000000004664                _bc12_emul_driver_api_list_end = .

bc12_driver_api_area
                0x0000000000004664        0x0
                0x0000000000004664                _bc12_driver_api_list_start = .
 *(SORT_BY_NAME(SORT_BY_ALIGNMENT(._bc12_driver_api.static.*)))
                0x0000000000004664                _bc12_driver_api_list_end = .

usbc_ppc_driver_api_area
                0x0000000000004664        0x0
                0x0000000000004664                _usbc_ppc_driver_api_list_start = .
 *(SORT_BY_NAME(SORT_BY_ALIGNMENT(._usbc_ppc_driver_api.static.*)))
                0x0000000000004664                _usbc_ppc_driver_api_list_end = .

tcpc_driver_api_area
                0x0000000000004664        0x0
                0x0000000000004664                _tcpc_driver_api_list_start = .
 *(SORT_BY_NAME(SORT_BY_ALIGNMENT(._tcpc_driver_api.static.*)))
                0x0000000000004664                _tcpc_driver_api_list_end = .

usbc_vbus_driver_api_area
                0x0000000000004664        0x0
                0x0000000000004664                _usbc_vbus_driver_api_list_start = .
 *(SORT_BY_NAME(SORT_BY_ALIGNMENT(._usbc_vbus_driver_api.static.*)))
                0x0000000000004664                _usbc_vbus_driver_api_list_end = .

ivshmem_driver_api_area
                0x0000000000004664        0x0
                0x0000000000004664                _ivshmem_driver_api_list_start = .
 *(SORT_BY_NAME(SORT_BY_ALIGNMENT(._ivshmem_driver_api.static.*)))
                0x0000000000004664                _ivshmem_driver_api_list_end = .

ethphy_driver_api_area
                0x0000000000004664        0x0
                0x0000000000004664                _ethphy_driver_api_list_start = .
 *(SORT_BY_NAME(SORT_BY_ALIGNMENT(._ethphy_driver_api.static.*)))
                0x0000000000004664                _ethphy_driver_api_list_end = .

ztest           0x0000000000004664        0x0
                0x0000000000004664                _ztest_expected_result_entry_list_start = .
 *(SORT_BY_NAME(SORT_BY_ALIGNMENT(._ztest_expected_result_entry.static.*)))
                0x0000000000004664                _ztest_expected_result_entry_list_end = .
                0x0000000000004664                _ztest_suite_node_list_start = .
 *(SORT_BY_NAME(SORT_BY_ALIGNMENT(._ztest_suite_node.static.*)))
                0x0000000000004664                _ztest_suite_node_list_end = .
                0x0000000000004664                _ztest_unit_test_list_start = .
 *(SORT_BY_NAME(SORT_BY_ALIGNMENT(._ztest_unit_test.static.*)))
                0x0000000000004664                _ztest_unit_test_list_end = .
                0x0000000000004664                _ztest_test_rule_list_start = .
 *(SORT_BY_NAME(SORT_BY_ALIGNMENT(._ztest_test_rule.static.*)))
                0x0000000000004664                _ztest_test_rule_list_end = .

init_array      0x0000000000004664        0x0
                0x0000000000004664                __zephyr_init_array_start = .
 *(SORT_BY_INIT_PRIORITY(.init_array.*) SORT_BY_INIT_PRIORITY(.ctors.*))
 *(SORT_BY_ALIGNMENT(.init_array) SORT_BY_ALIGNMENT(.ctors))
                0x0000000000004664                __zephyr_init_array_end = .
                0x0000000000000001                ASSERT ((__zephyr_init_array_start == __zephyr_init_array_end), GNU-style constructors required but STATIC_INIT_GNU not enabled)

bt_l2cap_fixed_chan_area
                0x0000000000004664        0x0
                0x0000000000004664                _bt_l2cap_fixed_chan_list_start = .
 *(SORT_BY_NAME(SORT_BY_ALIGNMENT(._bt_l2cap_fixed_chan.static.*)))
                0x0000000000004664                _bt_l2cap_fixed_chan_list_end = .

bt_gatt_service_static_area
                0x0000000000004664        0x0
                0x0000000000004664                _bt_gatt_service_static_list_start = .
 *(SORT_BY_NAME(SORT_BY_ALIGNMENT(._bt_gatt_service_static.static.*)))
                0x0000000000004664                _bt_gatt_service_static_list_end = .

log_strings_area
                0x0000000000004664        0x0
                0x0000000000004664                _log_strings_list_start = .
 *(SORT_BY_NAME(SORT_BY_ALIGNMENT(._log_strings.static.*)))
                0x0000000000004664                _log_strings_list_end = .

log_stmesp_ptr_area
                0x0000000000004664        0x0
                0x0000000000004664                _log_stmesp_ptr_list_start = .
 *(SORT_BY_NAME(SORT_BY_ALIGNMENT(._log_stmesp_ptr.static.*)))
                0x0000000000004664                _log_stmesp_ptr_list_end = .

log_stmesp_str_area
                0x0000000000004664        0x0
                0x0000000000004664                _log_stmesp_str_list_start = .
 *(SORT_BY_NAME(SORT_BY_ALIGNMENT(._log_stmesp_str.static.*)))
                0x0000000000004664                _log_stmesp_str_list_end = .

log_const_area  0x0000000000004664        0x0
                0x0000000000004664                _log_const_list_start = .
 *(SORT_BY_NAME(SORT_BY_ALIGNMENT(._log_const.static.*)))
                0x0000000000004664                _log_const_list_end = .

log_backend_area
                0x0000000000004664        0x0
                0x0000000000004664                _log_backend_list_start = .
 *(SORT_BY_NAME(SORT_BY_ALIGNMENT(._log_backend.static.*)))
                0x0000000000004664                _log_backend_list_end = .

log_link_area   0x0000000000004664        0x0
                0x0000000000004664                _log_link_list_start = .
 *(SORT_BY_NAME(SORT_BY_ALIGNMENT(._log_link.static.*)))
                0x0000000000004664                _log_link_list_end = .

tracing_backend_area
                0x0000000000004664        0x0
                0x0000000000004664                _tracing_backend_list_start = .
 *(SORT_BY_NAME(SORT_BY_ALIGNMENT(._tracing_backend.static.*)))
                0x0000000000004664                _tracing_backend_list_end = .

zephyr_dbg_info
 *(SORT_BY_ALIGNMENT(.dbg_thread_info))

intc_table_area
                0x0000000000004664        0x0
                0x0000000000004664                _intc_table_list_start = .
 *(SORT_BY_NAME(SORT_BY_ALIGNMENT(._intc_table.static.*)))
                0x0000000000004664                _intc_table_list_end = .

zbus_channel_area
                0x0000000000004664       0x14
                0x0000000000004664                _zbus_channel_list_start = .
 *(SORT_BY_NAME(SORT_BY_ALIGNMENT(._zbus_channel.static.*)))
 ._zbus_channel.static.cam_chan_
                0x0000000000004664       0x14 app/libapp.a(main.c.obj)
                0x0000000000004664                cam_chan
                0x0000000000004678                _zbus_channel_list_end = .

zbus_observer_area
                0x0000000000004678        0x0
                0x0000000000004678                _zbus_observer_list_start = .
 *(SORT_BY_NAME(SORT_BY_ALIGNMENT(._zbus_observer.static.*)))
                0x0000000000004678                _zbus_observer_list_end = .

zbus_channel_observation_area
                0x0000000000004678        0x0
                0x0000000000004678                _zbus_channel_observation_list_start = .
 *(SORT_BY_NAME(SORT_BY_ALIGNMENT(._zbus_channel_observation.static.*)))
                0x0000000000004678                _zbus_channel_observation_list_end = .

symbol_to_keep  0x0000000000004678        0x0
                0x0000000000004678                __symbol_to_keep_start = .
 *(SORT_BY_NAME(SORT_BY_ALIGNMENT(.symbol_to_keep*)))
                0x0000000000004678                __symbol_to_keep_end = .

shell_area      0x0000000000004678        0x0
                0x0000000000004678                _shell_list_start = .
 *(SORT_BY_NAME(SORT_BY_ALIGNMENT(._shell.static.*)))
                0x0000000000004678                _shell_list_end = .

shell_root_cmds_area
                0x0000000000004678        0x0
                0x0000000000004678                _shell_root_cmds_list_start = .
 *(SORT_BY_NAME(SORT_BY_ALIGNMENT(._shell_root_cmds.static.*)))
                0x0000000000004678                _shell_root_cmds_list_end = .

shell_subcmds_area
                0x0000000000004678        0x0
                0x0000000000004678                _shell_subcmds_list_start = .
 *(SORT_BY_NAME(SORT_BY_ALIGNMENT(._shell_subcmds.static.*)))
                0x0000000000004678                _shell_subcmds_list_end = .

shell_dynamic_subcmds_area
                0x0000000000004678        0x0
                0x0000000000004678                _shell_dynamic_subcmds_list_start = .
 *(SORT_BY_NAME(SORT_BY_ALIGNMENT(._shell_dynamic_subcmds.static.*)))
                0x0000000000004678                _shell_dynamic_subcmds_list_end = .

cfb_font_area   0x0000000000004678        0x0
                0x0000000000004678                _cfb_font_list_start = .
 *(SORT_BY_NAME(SORT_BY_ALIGNMENT(._cfb_font.static.*)))
                0x0000000000004678                _cfb_font_list_end = .

tdata           0x0000000000004678        0x0
 *(SORT_BY_ALIGNMENT(.tdata) SORT_BY_ALIGNMENT(.tdata.*) SORT_BY_ALIGNMENT(.gnu.linkonce.td.*))

tbss            0x0000000000004678        0x4
 *(SORT_BY_ALIGNMENT(.tbss) SORT_BY_ALIGNMENT(.tbss.*) SORT_BY_ALIGNMENT(.gnu.linkonce.tb.*) SORT_BY_ALIGNMENT(.tcommon))
 .tbss.z_tls_current
                0x0000000000004678        0x4 zephyr/libzephyr.a(thread_entry.c.obj)
                0x0000000000004678                z_tls_current
                0x0000000000004678                PROVIDE (__tdata_start = LOADADDR (tdata))
                0x0000000000000001                PROVIDE (__tdata_align = ALIGNOF (tdata))
                0x0000000000000000                PROVIDE (__tdata_size = (((SIZEOF (tdata) + __tdata_align) - 0x1) & ~ ((__tdata_align - 0x1))))
                [!provide]                        PROVIDE (__tdata_end = (__tdata_start + __tdata_size))
                0x0000000000000004                PROVIDE (__tbss_align = ALIGNOF (tbss))
                [!provide]                        PROVIDE (__tbss_start = ADDR (tbss))
                0x0000000000000004                PROVIDE (__tbss_size = (((SIZEOF (tbss) + __tbss_align) - 0x1) & ~ ((__tbss_align - 0x1))))
                [!provide]                        PROVIDE (__tbss_end = (__tbss_start + __tbss_size))
                [!provide]                        PROVIDE (__tls_start = __tdata_start)
                [!provide]                        PROVIDE (__tls_end = __tbss_end)
                [!provide]                        PROVIDE (__tls_size = (__tbss_end - __tdata_start))

rodata          0x0000000000004678      0x904
 *(SORT_BY_ALIGNMENT(.rodata))
 *(SORT_BY_ALIGNMENT(.rodata.*))
 .rodata.mag_2  0x0000000000004678        0x8 app/libapp.a(main.c.obj)
 .rodata.mag_1  0x0000000000004680        0x8 app/libapp.a(main.c.obj)
 .rodata.mem_attr_region
                0x0000000000004688        0x0 zephyr/libzephyr.a(mem_attr.c.obj)
 .rodata.static_regions
                0x0000000000004688        0xc zephyr/arch/arch/arm/core/mpu/libarch__arm__core__mpu.a(arm_core_mpu.c.obj)
 .rodata.mpu_config
                0x0000000000004694        0x8 zephyr/arch/arch/arm/core/mpu/libarch__arm__core__mpu.a(arm_mpu_regions.c.obj)
                0x0000000000004694                mpu_config
 .rodata.mpu_regions
                0x000000000000469c       0x18 zephyr/arch/arch/arm/core/mpu/libarch__arm__core__mpu.a(arm_mpu_regions.c.obj)
 .rodata.gpio_cmsdk_port_3_config
                0x00000000000046b4       0x24 zephyr/drivers/gpio/libdrivers__gpio.a(gpio_cmsdk_ahb.c.obj)
 .rodata.gpio_cmsdk_port_2_config
                0x00000000000046d8       0x24 zephyr/drivers/gpio/libdrivers__gpio.a(gpio_cmsdk_ahb.c.obj)
 .rodata.gpio_cmsdk_port_1_config
                0x00000000000046fc       0x24 zephyr/drivers/gpio/libdrivers__gpio.a(gpio_cmsdk_ahb.c.obj)
 .rodata.gpio_cmsdk_port_0_config
                0x0000000000004720       0x24 zephyr/drivers/gpio/libdrivers__gpio.a(gpio_cmsdk_ahb.c.obj)
 .rodata.gpio_mmio32_2_cfg
                0x0000000000004744        0xc zephyr/drivers/gpio/libdrivers__gpio.a(gpio_mmio32.c.obj)
 .rodata.gpio_mmio32_1_cfg
                0x0000000000004750        0xc zephyr/drivers/gpio/libdrivers__gpio.a(gpio_mmio32.c.obj)
 .rodata.gpio_mmio32_0_cfg
                0x000000000000475c        0xc zephyr/drivers/gpio/libdrivers__gpio.a(gpio_mmio32.c.obj)
 .rodata.gpio_ports
                0x0000000000004768       0x10 zephyr/drivers/pinctrl/libdrivers__pinctrl.a(pinctrl_arm_mps2.c.obj)
 .rodata.uart_cmsdk_apb_dev_cfg_2
                0x0000000000004778       0x10 zephyr/drivers/serial/libdrivers__serial.a(uart_cmsdk_apb.c.obj)
 .rodata.__pinctrl_dev_config__device_dts_ord_46
                0x0000000000004788        0x8 zephyr/drivers/serial/libdrivers__serial.a(uart_cmsdk_apb.c.obj)
 .rodata.__pinctrl_states__device_dts_ord_46
                0x0000000000004790        0x0 zephyr/drivers/serial/libdrivers__serial.a(uart_cmsdk_apb.c.obj)
 .rodata.uart_cmsdk_apb_dev_cfg_1
                0x0000000000004790       0x10 zephyr/drivers/serial/libdrivers__serial.a(uart_cmsdk_apb.c.obj)
 .rodata.__pinctrl_dev_config__device_dts_ord_45
                0x00000000000047a0        0x8 zephyr/drivers/serial/libdrivers__serial.a(uart_cmsdk_apb.c.obj)
 .rodata.__pinctrl_states__device_dts_ord_45
                0x00000000000047a8        0x0 zephyr/drivers/serial/libdrivers__serial.a(uart_cmsdk_apb.c.obj)
 .rodata.uart_cmsdk_apb_dev_cfg_0
                0x00000000000047a8       0x10 zephyr/drivers/serial/libdrivers__serial.a(uart_cmsdk_apb.c.obj)
 .rodata.__pinctrl_dev_config__device_dts_ord_44
                0x00000000000047b8        0x8 zephyr/drivers/serial/libdrivers__serial.a(uart_cmsdk_apb.c.obj)
 .rodata.__pinctrl_states__device_dts_ord_44
                0x00000000000047c0        0x0 zephyr/drivers/serial/libdrivers__serial.a(uart_cmsdk_apb.c.obj)
 .rodata.levels.0
                0x00000000000047c0       0x18 zephyr/kernel/libkernel.a(init.c.obj)
 .rodata.display_thread_start.str1.1
                0x00000000000047d8      0x1ba app/libapp.a(main.c.obj)
 .rodata.generate_placa_mercosul.str1.1
                0x0000000000004992       0x26 app/libapp.a(main.c.obj)
 .rodata.cam_thread_start.str1.1
                0x00000000000049b8       0x23 app/libapp.a(main.c.obj)
 .rodata.main.str1.1
                0x00000000000049db       0xc2 app/libapp.a(main.c.obj)
 .rodata.z_arm_fatal_error.str1.1
                0x0000000000004a9d       0xb3 zephyr/arch/arch/arm/core/libarch__arm__core.a(fatal.c.obj)
 .rodata.usage_fault.constprop.0.str1.1
                0x0000000000004b50       0xd4 zephyr/arch/arch/arm/core/cortex_m/libarch__arm__core__cortex_m.a(fault.c.obj)
 .rodata.bus_fault.constprop.0.str1.1
                0x0000000000004c24       0xa2 zephyr/arch/arch/arm/core/cortex_m/libarch__arm__core__cortex_m.a(fault.c.obj)
 .rodata.mem_manage_fault.constprop.0.str1.1
                0x0000000000004cc6       0x9b zephyr/arch/arch/arm/core/cortex_m/libarch__arm__core__cortex_m.a(fault.c.obj)
 .rodata.z_arm_fault.str1.1
                0x0000000000004d61      0x119 zephyr/arch/arch/arm/core/cortex_m/libarch__arm__core__cortex_m.a(fault.c.obj)
 .rodata.str1.1
                0x0000000000004e7a        0xf zephyr/arch/arch/arm/core/mpu/libarch__arm__core__mpu.a(arm_mpu_regions.c.obj)
 .rodata.str1.1
                0x0000000000004e89       0x38 zephyr/drivers/gpio/libdrivers__gpio.a(gpio_cmsdk_ahb.c.obj)
 .rodata.str1.1
                0x0000000000004ec1       0x3f zephyr/drivers/gpio/libdrivers__gpio.a(gpio_mmio32.c.obj)
 .rodata.str1.1
                0x0000000000004f00       0x2a zephyr/drivers/serial/libdrivers__serial.a(uart_cmsdk_apb.c.obj)
 .rodata.z_cstart.str1.1
                0x0000000000004f2a        0x5 zephyr/kernel/libkernel.a(init.c.obj)
 .rodata.boot_banner.str1.1
                0x0000000000004f2f       0x3b zephyr/kernel/libkernel.a(banner.c.obj)
 .rodata.__l_vfprintf.str1.1
                0x0000000000004f6a        0xf /home/cetaco/zephyr-sdk-0.17.2/arm-zephyr-eabi/bin/../lib/gcc/../../picolibc/arm-zephyr-eabi/lib/thumb/v7-m/nofp/libc.a(libc_tinystdio_vflprintf.c.o)
 *(SORT_BY_ALIGNMENT(.gnu.linkonce.r.*))
                0x0000000000004f7c                . = ALIGN (0x4)
 *fill*         0x0000000000004f79        0x3 

/DISCARD/
 *(SORT_BY_ALIGNMENT(.eh_frame))
                0x0000000000004f7c                __rodata_region_end = .
                0x0000000000004f80                . = ALIGN (_region_min_align)
                0x0000000000008000                . = ALIGN ((0x1 << LOG2CEIL ((__rodata_region_end - ADDR (rom_start)))))
                0x0000000000008000                __rom_region_end = ((__rom_region_start + .) - ADDR (rom_start))

/DISCARD/
 *(SORT_BY_ALIGNMENT(.got.plt))
 *(SORT_BY_ALIGNMENT(.igot.plt))
 *(SORT_BY_ALIGNMENT(.got))
 *(SORT_BY_ALIGNMENT(.igot))
                0x0000000020000000                . = 0x20000000
                0x0000000020000000                . = ALIGN (_region_min_align)
                0x0000000020000000                _image_ram_start = .

.ramfunc        0x0000000020000000        0x0 load address 0x0000000000004f7c
                0x0000000020000000                __ramfunc_region_start = .
                0x0000000020000000                . = ALIGN (_region_min_align)
                0x0000000020000000                . = ALIGN ((0x1 << LOG2CEIL (__ramfunc_size)))
                0x0000000020000000                __ramfunc_start = .
 *(SORT_BY_ALIGNMENT(.ramfunc))
 *(SORT_BY_ALIGNMENT(.ramfunc.*))
                0x0000000020000000                . = ALIGN (_region_min_align)
                0x0000000020000000                . = ALIGN ((0x1 << LOG2CEIL (__ramfunc_size)))
                0x0000000020000000                __ramfunc_end = .
                0x0000000000000000                __ramfunc_size = (__ramfunc_end - __ramfunc_start)
                0x0000000000004f7c                __ramfunc_load_start = LOADADDR (.ramfunc)

datas           0x0000000020000000       0xb0 load address 0x0000000000004f7c
                0x0000000020000000                __data_region_start = .
                0x0000000020000000                __data_start = .
 *(SORT_BY_ALIGNMENT(.data))
 *(SORT_BY_ALIGNMENT(.data.*))
 .data.state.0  0x0000000020000000        0x8 zephyr/subsys/random/libsubsys__random.a(random_timer.c.obj)
 .data._zbus_chan_data_cam_chan
                0x0000000020000008       0x18 app/libapp.a(main.c.obj)
 .data._char_out
                0x0000000020000020        0x4 zephyr/libzephyr.a(printk.c.obj)
 .data.handler  0x0000000020000024        0x4 zephyr/arch/arch/arm/core/libarch__arm__core.a(nmi.c.obj)
 .data.__stdout
                0x0000000020000028       0x10 zephyr/lib/libc/picolibc/liblib__libc__picolibc.a(stdio.c.obj)
 .data.uart_cmsdk_apb_dev_data_2
                0x0000000020000038       0x24 zephyr/drivers/serial/libdrivers__serial.a(uart_cmsdk_apb.c.obj)
 .data.uart_cmsdk_apb_dev_data_1
                0x000000002000005c       0x24 zephyr/drivers/serial/libdrivers__serial.a(uart_cmsdk_apb.c.obj)
 .data.uart_cmsdk_apb_dev_data_0
                0x0000000020000080       0x24 zephyr/drivers/serial/libdrivers__serial.a(uart_cmsdk_apb.c.obj)